MassSpringSystemSemi first-frame debug snapshot
gravity=(0.00, -9.81, 0.00), dt=0.0010, stiffness=500.000
particles=632, springs=1890
P[0] pos=(-5.00, 5.75, -5.00) vel=(0.00, 0.00, 0.00) gravity=(0.00, -9.81, 0.00) force=(0.00, -9.81, 0.00) fixed=False
P[1] pos=(-5.00, 5.75, 5.00) vel=(0.00, 0.00, 0.00) gravity=(0.00, 0.00, 0.00) force=(0.00, 0.00, 0.00) fixed=True
P[2] pos=(5.00, 5.75, 5.00) vel=(0.00, 0.00, 0.00) gravity=(0.00, 0.00, 0.00) force=(0.00, 0.00, 0.00) fixed=True
P[3] pos=(-5.00, 8.25, 5.00) vel=(0.00, 0.00, 0.00) gravity=(0.00, 0.00, 0.00) force=(0.00, 0.00, 0.00) fixed=True
P[4] pos=(5.00, 8.25, -5.00) vel=(0.00, 0.00, 0.00) gravity=(0.00, -9.81, 0.00) force=(0.00, -9.81, 0.00) fixed=False
P[5] pos=(5.00, 8.25, 5.00) vel=(0.00, 0.00, 0.00) gravity=(0.00, 0.00, 0.00) force=(0.00, 0.00, 0.00) fixed=True
P[6] pos=(5.00, 5.75, -5.00) vel=(0.00, 0.00, 0.00) gravity=(0.00, -9.81, 0.00) force=(0.00, -9.81, 0.00) fixed=False
P[7] pos=(-5.00, 8.25, -5.00) vel=(0.00, 0.00, 0.00) gravity=(0.00, -9.81, 0.00) force=(0.00, -9.81, 0.00) fixed=False
P[8] pos=(0.00, 8.25, 5.00) vel=(0.00, 0.00, 0.00) gravity=(0.00, 0.00, 0.00) force=(0.00, 0.00, 0.00) fixed=True
P[9] pos=(0.00, 5.75, 5.00) vel=(0.00, 0.00, 0.00) gravity=(0.00, 0.00, 0.00) force=(0.00, 0.00, 0.00) fixed=True
P[10] pos=(0.00, 5.75, -5.00) vel=(0.00, 0.00, 0.00) gravity=(0.00, -9.81, 0.00) force=(0.00, -9.81, 0.00) fixed=False
P[11] pos=(0.00, 8.25, -5.00) vel=(0.00, 0.00, 0.00) gravity=(0.00, -9.81, 0.00) force=(0.00, -9.81, 0.00) fixed=False
P[12] pos=(5.00, 5.75, 0.00) vel=(0.00, 0.00, 0.00) gravity=(0.00, -9.81, 0.00) force=(0.00, -9.81, 0.00) fixed=False
P[13] pos=(5.00, 8.25, 0.00) vel=(0.00, 0.00, 0.00) gravity=(0.00, -9.81, 0.00) force=(0.00, -9.81, 0.00) fixed=False
P[14] pos=(-5.00, 8.25, 0.00) vel=(0.00, 0.00, 0.00) gravity=(0.00, -9.81, 0.00) force=(0.00, -9.81, 0.00) fixed=False
P[15] pos=(-5.00, 5.75, 0.00) vel=(0.00, 0.00, 0.00) gravity=(0.00, -9.81, 0.00) force=(0.00, -9.81, 0.00) fixed=False
P[16] pos=(-2.50, 8.25, 5.00) vel=(0.00, 0.00, 0.00) gravity=(0.00, 0.00, 0.00) force=(0.00, 0.00, 0.00) fixed=True
P[17] pos=(-2.50, 5.75, 5.00) vel=(0.00, 0.00, 0.00) gravity=(0.00, 0.00, 0.00) force=(0.00, 0.00, 0.00) fixed=True
P[18] pos=(2.50, 8.25, 5.00) vel=(0.00, 0.00, 0.00) gravity=(0.00, 0.00, 0.00) force=(0.00, 0.00, 0.00) fixed=True
P[19] pos=(2.50, 5.75, 5.00) vel=(0.00, 0.00, 0.00) gravity=(0.00, 0.00, 0.00) force=(0.00, 0.00, 0.00) fixed=True
P[20] pos=(2.50, 5.75, -5.00) vel=(0.00, 0.00, 0.00) gravity=(0.00, -9.81, 0.00) force=(0.00, -9.81, 0.00) fixed=False
P[21] pos=(2.50, 8.25, -5.00) vel=(0.00, 0.00, 0.00) gravity=(0.00, -9.81, 0.00) force=(0.00, -9.81, 0.00) fixed=False
P[22] pos=(-2.50, 5.75, -5.00) vel=(0.00, 0.00, 0.00) gravity=(0.00, -9.81, 0.00) force=(0.00, -9.81, 0.00) fixed=False
P[23] pos=(-2.50, 8.25, -5.00) vel=(0.00, 0.00, 0.00) gravity=(0.00, -9.81, 0.00) force=(0.00, -9.81, 0.00) fixed=False
P[24] pos=(5.00, 5.75, -2.50) vel=(0.00, 0.00, 0.00) gravity=(0.00, -9.81, 0.00) force=(0.00, -9.81, 0.00) fixed=False
P[25] pos=(5.00, 8.25, -2.50) vel=(0.00, 0.00, 0.00) gravity=(0.00, -9.81, 0.00) force=(0.00, -9.81, 0.00) fixed=False
P[26] pos=(5.00, 5.75, 2.50) vel=(0.00, 0.00, 0.00) gravity=(0.00, -9.81, 0.00) force=(0.00, -9.81, 0.00) fixed=False
P[27] pos=(5.00, 8.25, 2.50) vel=(0.00, 0.00, 0.00) gravity=(0.00, -9.81, 0.00) force=(0.00, -9.81, 0.00) fixed=False
P[28] pos=(-5.00, 8.25, -2.50) vel=(0.00, 0.00, 0.00) gravity=(0.00, -9.81, 0.00) force=(0.00, -9.81, 0.00) fixed=False
P[29] pos=(-5.00, 5.75, -2.50) vel=(0.00, 0.00, 0.00) gravity=(0.00, -9.81, 0.00) force=(0.00, -9.81, 0.00) fixed=False
P[30] pos=(-5.00, 8.25, 2.50) vel=(0.00, 0.00, 0.00) gravity=(0.00, -9.81, 0.00) force=(0.00, -9.81, 0.00) fixed=False
P[31] pos=(-5.00, 5.75, 2.50) vel=(0.00, 0.00, 0.00) gravity=(0.00, -9.81, 0.00) force=(0.00, -9.81, 0.00) fixed=False
P[32] pos=(-3.75, 8.25, 5.00) vel=(0.00, 0.00, 0.00) gravity=(0.00, 0.00, 0.00) force=(0.00, 0.00, 0.00) fixed=True
P[33] pos=(-3.75, 5.75, 5.00) vel=(0.00, 0.00, 0.00) gravity=(0.00, 0.00, 0.00) force=(0.00, 0.00, 0.00) fixed=True
P[34] pos=(-1.25, 5.75, 5.00) vel=(0.00, 0.00, 0.00) gravity=(0.00, 0.00, 0.00) force=(0.00, 0.00, 0.00) fixed=True
P[35] pos=(-1.25, 8.25, 5.00) vel=(0.00, 0.00, 0.00) gravity=(0.00, 0.00, 0.00) force=(0.00, 0.00, 0.00) fixed=True
P[36] pos=(-0.63, 5.75, 0.63) vel=(0.00, 0.00, 0.00) gravity=(0.00, -9.81, 0.00) force=(0.00, -9.81, 0.00) fixed=False
P[37] pos=(-0.63, 8.25, 0.63) vel=(0.00, 0.00, 0.00) gravity=(0.00, -9.81, 0.00) force=(0.00, -9.81, 0.00) fixed=False
P[38] pos=(3.75, 8.25, 5.00) vel=(0.00, 0.00, 0.00) gravity=(0.00, 0.00, 0.00) force=(0.00, 0.00, 0.00) fixed=True
P[39] pos=(3.75, 5.75, 5.00) vel=(0.00, 0.00, 0.00) gravity=(0.00, 0.00, 0.00) force=(0.00, 0.00, 0.00) fixed=True
P[40] pos=(1.25, 5.75, 5.00) vel=(0.00, 0.00, 0.00) gravity=(0.00, 0.00, 0.00) force=(0.00, 0.00, 0.00) fixed=True
P[41] pos=(1.25, 8.25, 5.00) vel=(0.00, 0.00, 0.00) gravity=(0.00, 0.00, 0.00) force=(0.00, 0.00, 0.00) fixed=True
P[42] pos=(3.75, 5.75, -5.00) vel=(0.00, 0.00, 0.00) gravity=(0.00, -9.81, 0.00) force=(0.00, -9.81, 0.00) fixed=False
P[43] pos=(3.75, 8.25, -5.00) vel=(0.00, 0.00, 0.00) gravity=(0.00, -9.81, 0.00) force=(0.00, -9.81, 0.00) fixed=False
P[44] pos=(1.25, 8.25, -5.00) vel=(0.00, 0.00, 0.00) gravity=(0.00, -9.81, 0.00) force=(0.00, -9.81, 0.00) fixed=False
P[45] pos=(1.25, 5.75, -5.00) vel=(0.00, 0.00, 0.00) gravity=(0.00, -9.81, 0.00) force=(0.00, -9.81, 0.00) fixed=False
P[46] pos=(-1.25, 8.25, -5.00) vel=(0.00, 0.00, 0.00) gravity=(0.00, -9.81, 0.00) force=(0.00, -9.81, 0.00) fixed=False
P[47] pos=(-1.25, 5.75, -5.00) vel=(0.00, 0.00, 0.00) gravity=(0.00, -9.81, 0.00) force=(0.00, -9.81, 0.00) fixed=False
P[48] pos=(-3.75, 8.25, -5.00) vel=(0.00, 0.00, 0.00) gravity=(0.00, -9.81, 0.00) force=(0.00, -9.81, 0.00) fixed=False
P[49] pos=(-3.75, 5.75, -5.00) vel=(0.00, 0.00, 0.00) gravity=(0.00, -9.81, 0.00) force=(0.00, -9.81, 0.00) fixed=False
P[50] pos=(5.00, 5.75, -3.75) vel=(0.00, 0.00, 0.00) gravity=(0.00, -9.81, 0.00) force=(0.00, -9.81, 0.00) fixed=False
P[51] pos=(5.00, 8.25, -3.75) vel=(0.00, 0.00, 0.00) gravity=(0.00, -9.81, 0.00) force=(0.00, -9.81, 0.00) fixed=False
P[52] pos=(5.00, 8.25, -1.25) vel=(0.00, 0.00, 0.00) gravity=(0.00, -9.81, 0.00) force=(0.00, -9.81, 0.00) fixed=False
P[53] pos=(5.00, 5.75, -1.25) vel=(0.00, 0.00, 0.00) gravity=(0.00, -9.81, 0.00) force=(0.00, -9.81, 0.00) fixed=False
P[54] pos=(5.00, 8.25, 3.75) vel=(0.00, 0.00, 0.00) gravity=(0.00, -9.81, 0.00) force=(0.00, -9.81, 0.00) fixed=False
P[55] pos=(5.00, 5.75, 3.75) vel=(0.00, 0.00, 0.00) gravity=(0.00, -9.81, 0.00) force=(0.00, -9.81, 0.00) fixed=False
P[56] pos=(5.00, 8.25, 1.25) vel=(0.00, 0.00, 0.00) gravity=(0.00, -9.81, 0.00) force=(0.00, -9.81, 0.00) fixed=False
P[57] pos=(5.00, 5.75, 1.25) vel=(0.00, 0.00, 0.00) gravity=(0.00, -9.81, 0.00) force=(0.00, -9.81, 0.00) fixed=False
P[58] pos=(-5.00, 8.25, -3.75) vel=(0.00, 0.00, 0.00) gravity=(0.00, -9.81, 0.00) force=(0.00, -9.81, 0.00) fixed=False
P[59] pos=(-5.00, 5.75, -3.75) vel=(0.00, 0.00, 0.00) gravity=(0.00, -9.81, 0.00) force=(0.00, -9.81, 0.00) fixed=False
P[60] pos=(-5.00, 5.75, -1.25) vel=(0.00, 0.00, 0.00) gravity=(0.00, -9.81, 0.00) force=(0.00, -9.81, 0.00) fixed=False
P[61] pos=(-5.00, 8.25, -1.25) vel=(0.00, 0.00, 0.00) gravity=(0.00, -9.81, 0.00) force=(0.00, -9.81, 0.00) fixed=False
P[62] pos=(-5.00, 8.25, 3.75) vel=(0.00, 0.00, 0.00) gravity=(0.00, -9.81, 0.00) force=(0.00, -9.81, 0.00) fixed=False
P[63] pos=(-5.00, 5.75, 3.75) vel=(0.00, 0.00, 0.00) gravity=(0.00, -9.81, 0.00) force=(0.00, -9.81, 0.00) fixed=False
P[64] pos=(-5.00, 5.75, 1.25) vel=(0.00, 0.00, 0.00) gravity=(0.00, -9.81, 0.00) force=(0.00, -9.81, 0.00) fixed=False
P[65] pos=(-5.00, 8.25, 1.25) vel=(0.00, 0.00, 0.00) gravity=(0.00, -9.81, 0.00) force=(0.00, -9.81, 0.00) fixed=False
P[66] pos=(1.88, 8.25, -1.88) vel=(0.00, 0.00, 0.00) gravity=(0.00, -9.81, 0.00) force=(0.00, -9.81, 0.00) fixed=False
P[67] pos=(1.88, 5.75, -1.88) vel=(0.00, 0.00, 0.00) gravity=(0.00, -9.81, 0.00) force=(0.00, -9.81, 0.00) fixed=False
P[68] pos=(-1.88, 5.75, -2.08) vel=(0.00, 0.00, 0.00) gravity=(0.00, -9.81, 0.00) force=(0.00, -9.81, 0.00) fixed=False
P[69] pos=(-1.88, 8.25, -2.08) vel=(0.00, 0.00, 0.00) gravity=(0.00, -9.81, 0.00) force=(0.00, -9.81, 0.00) fixed=False
P[70] pos=(2.08, 8.25, 1.88) vel=(0.00, 0.00, 0.00) gravity=(0.00, -9.81, 0.00) force=(0.00, -9.81, 0.00) fixed=False
P[71] pos=(2.08, 5.75, 1.88) vel=(0.00, 0.00, 0.00) gravity=(0.00, -9.81, 0.00) force=(0.00, -9.81, 0.00) fixed=False
P[72] pos=(-1.88, 5.75, 2.68) vel=(0.00, 0.00, 0.00) gravity=(0.00, -9.81, 0.00) force=(0.00, -9.81, 0.00) fixed=False
P[73] pos=(-1.88, 8.25, 2.68) vel=(0.00, 0.00, 0.00) gravity=(0.00, -9.81, 0.00) force=(0.00, -9.81, 0.00) fixed=False
P[74] pos=(-2.86, 8.25, 0.63) vel=(0.00, 0.00, 0.00) gravity=(0.00, -9.81, 0.00) force=(0.00, -9.81, 0.00) fixed=False
P[75] pos=(-2.86, 5.75, 0.63) vel=(0.00, 0.00, 0.00) gravity=(0.00, -9.81, 0.00) force=(0.00, -9.81, 0.00) fixed=False
P[76] pos=(0.63, 8.25, 3.16) vel=(0.00, 0.00, 0.00) gravity=(0.00, -9.81, 0.00) force=(0.00, -9.81, 0.00) fixed=False
P[77] pos=(0.63, 5.75, 3.16) vel=(0.00, 0.00, 0.00) gravity=(0.00, -9.81, 0.00) force=(0.00, -9.81, 0.00) fixed=False
P[78] pos=(3.25, 8.25, -0.63) vel=(0.00, 0.00, 0.00) gravity=(0.00, -9.81, 0.00) force=(0.00, -9.81, 0.00) fixed=False
P[79] pos=(3.25, 5.75, -0.63) vel=(0.00, 0.00, 0.00) gravity=(0.00, -9.81, 0.00) force=(0.00, -9.81, 0.00) fixed=False
P[80] pos=(0.63, 8.25, -3.25) vel=(0.00, 0.00, 0.00) gravity=(0.00, -9.81, 0.00) force=(0.00, -9.81, 0.00) fixed=False
P[81] pos=(0.63, 5.75, -3.25) vel=(0.00, 0.00, 0.00) gravity=(0.00, -9.81, 0.00) force=(0.00, -9.81, 0.00) fixed=False
P[82] pos=(3.25, 8.25, -3.13) vel=(0.00, 0.00, 0.00) gravity=(0.00, -9.81, 0.00) force=(0.00, -9.81, 0.00) fixed=False
P[83] pos=(3.25, 5.75, -3.13) vel=(0.00, 0.00, 0.00) gravity=(0.00, -9.81, 0.00) force=(0.00, -9.81, 0.00) fixed=False
P[84] pos=(-3.33, 5.75, -3.13) vel=(0.00, 0.00, 0.00) gravity=(0.00, -9.81, 0.00) force=(0.00, -9.81, 0.00) fixed=False
P[85] pos=(-3.33, 8.25, -3.13) vel=(0.00, 0.00, 0.00) gravity=(0.00, -9.81, 0.00) force=(0.00, -9.81, 0.00) fixed=False
P[86] pos=(3.13, 8.25, 3.33) vel=(0.00, 0.00, 0.00) gravity=(0.00, -9.81, 0.00) force=(0.00, -9.81, 0.00) fixed=False
P[87] pos=(3.13, 5.75, 3.33) vel=(0.00, 0.00, 0.00) gravity=(0.00, -9.81, 0.00) force=(0.00, -9.81, 0.00) fixed=False
P[88] pos=(-4.38, 8.25, 5.00) vel=(0.00, 0.00, 0.00) gravity=(0.00, 0.00, 0.00) force=(0.00, 0.00, 0.00) fixed=True
P[89] pos=(-4.38, 5.75, 5.00) vel=(0.00, 0.00, 0.00) gravity=(0.00, 0.00, 0.00) force=(0.00, 0.00, 0.00) fixed=True
P[90] pos=(-4.06, 5.75, 4.06) vel=(0.00, 0.00, 0.00) gravity=(0.00, -9.81, 0.00) force=(0.00, -9.81, 0.00) fixed=False
P[91] pos=(-4.06, 8.25, 4.06) vel=(0.00, 0.00, 0.00) gravity=(0.00, -9.81, 0.00) force=(0.00, -9.81, 0.00) fixed=False
P[92] pos=(-3.13, 5.75, 5.00) vel=(0.00, 0.00, 0.00) gravity=(0.00, 0.00, 0.00) force=(0.00, 0.00, 0.00) fixed=True
P[93] pos=(-3.13, 8.25, 5.00) vel=(0.00, 0.00, 0.00) gravity=(0.00, 0.00, 0.00) force=(0.00, 0.00, 0.00) fixed=True
P[94] pos=(-2.81, 5.75, 3.75) vel=(0.00, 0.00, 0.00) gravity=(0.00, -9.81, 0.00) force=(0.00, -9.81, 0.00) fixed=False
P[95] pos=(-2.81, 8.25, 3.75) vel=(0.00, 0.00, 0.00) gravity=(0.00, -9.81, 0.00) force=(0.00, -9.81, 0.00) fixed=False
P[96] pos=(-0.63, 5.75, 5.00) vel=(0.00, 0.00, 0.00) gravity=(0.00, 0.00, 0.00) force=(0.00, 0.00, 0.00) fixed=True
P[97] pos=(-0.63, 8.25, 5.00) vel=(0.00, 0.00, 0.00) gravity=(0.00, 0.00, 0.00) force=(0.00, 0.00, 0.00) fixed=True
P[98] pos=(-0.94, 8.25, 3.67) vel=(0.00, 0.00, 0.00) gravity=(0.00, -9.81, 0.00) force=(0.00, -9.81, 0.00) fixed=False
P[99] pos=(-0.94, 5.75, 3.67) vel=(0.00, 0.00, 0.00) gravity=(0.00, -9.81, 0.00) force=(0.00, -9.81, 0.00) fixed=False
P[100] pos=(-1.88, 5.75, 5.00) vel=(0.00, 0.00, 0.00) gravity=(0.00, 0.00, 0.00) force=(0.00, 0.00, 0.00) fixed=True
P[101] pos=(-1.88, 8.25, 5.00) vel=(0.00, 0.00, 0.00) gravity=(0.00, 0.00, 0.00) force=(0.00, 0.00, 0.00) fixed=True
P[102] pos=(4.38, 8.25, 5.00) vel=(0.00, 0.00, 0.00) gravity=(0.00, 0.00, 0.00) force=(0.00, 0.00, 0.00) fixed=True
P[103] pos=(4.38, 5.75, 5.00) vel=(0.00, 0.00, 0.00) gravity=(0.00, 0.00, 0.00) force=(0.00, 0.00, 0.00) fixed=True
P[104] pos=(4.06, 8.25, 4.06) vel=(0.00, 0.00, 0.00) gravity=(0.00, -9.81, 0.00) force=(0.00, -9.81, 0.00) fixed=False
P[105] pos=(4.06, 5.75, 4.06) vel=(0.00, 0.00, 0.00) gravity=(0.00, -9.81, 0.00) force=(0.00, -9.81, 0.00) fixed=False
P[106] pos=(3.13, 5.75, 5.00) vel=(0.00, 0.00, 0.00) gravity=(0.00, 0.00, 0.00) force=(0.00, 0.00, 0.00) fixed=True
P[107] pos=(3.13, 8.25, 5.00) vel=(0.00, 0.00, 0.00) gravity=(0.00, 0.00, 0.00) force=(0.00, 0.00, 0.00) fixed=True
P[108] pos=(2.81, 8.25, 4.16) vel=(0.00, 0.00, 0.00) gravity=(0.00, -9.81, 0.00) force=(0.00, -9.81, 0.00) fixed=False
P[109] pos=(2.81, 5.75, 4.16) vel=(0.00, 0.00, 0.00) gravity=(0.00, -9.81, 0.00) force=(0.00, -9.81, 0.00) fixed=False
P[110] pos=(1.87, 5.75, 3.33) vel=(0.00, 0.00, 0.00) gravity=(0.00, -9.81, 0.00) force=(0.00, -9.81, 0.00) fixed=False
P[111] pos=(1.87, 8.25, 3.33) vel=(0.00, 0.00, 0.00) gravity=(0.00, -9.81, 0.00) force=(0.00, -9.81, 0.00) fixed=False
P[112] pos=(0.63, 8.25, 5.00) vel=(0.00, 0.00, 0.00) gravity=(0.00, 0.00, 0.00) force=(0.00, 0.00, 0.00) fixed=True
P[113] pos=(0.63, 5.75, 5.00) vel=(0.00, 0.00, 0.00) gravity=(0.00, 0.00, 0.00) force=(0.00, 0.00, 0.00) fixed=True
P[114] pos=(0.31, 8.25, 4.08) vel=(0.00, 0.00, 0.00) gravity=(0.00, -9.81, 0.00) force=(0.00, -9.81, 0.00) fixed=False
P[115] pos=(0.31, 5.75, 4.08) vel=(0.00, 0.00, 0.00) gravity=(0.00, -9.81, 0.00) force=(0.00, -9.81, 0.00) fixed=False
P[116] pos=(1.88, 5.75, 5.00) vel=(0.00, 0.00, 0.00) gravity=(0.00, 0.00, 0.00) force=(0.00, 0.00, 0.00) fixed=True
P[117] pos=(1.88, 8.25, 5.00) vel=(0.00, 0.00, 0.00) gravity=(0.00, 0.00, 0.00) force=(0.00, 0.00, 0.00) fixed=True
P[118] pos=(1.56, 8.25, 4.17) vel=(0.00, 0.00, 0.00) gravity=(0.00, -9.81, 0.00) force=(0.00, -9.81, 0.00) fixed=False
P[119] pos=(1.56, 5.75, 4.17) vel=(0.00, 0.00, 0.00) gravity=(0.00, -9.81, 0.00) force=(0.00, -9.81, 0.00) fixed=False
P[120] pos=(4.38, 5.75, -5.00) vel=(0.00, 0.00, 0.00) gravity=(0.00, -9.81, 0.00) force=(0.00, -9.81, 0.00) fixed=False
P[121] pos=(4.38, 8.25, -5.00) vel=(0.00, 0.00, 0.00) gravity=(0.00, -9.81, 0.00) force=(0.00, -9.81, 0.00) fixed=False
P[122] pos=(4.06, 5.75, -4.06) vel=(0.00, 0.00, 0.00) gravity=(0.00, -9.81, 0.00) force=(0.00, -9.81, 0.00) fixed=False
P[123] pos=(4.06, 8.25, -4.06) vel=(0.00, 0.00, 0.00) gravity=(0.00, -9.81, 0.00) force=(0.00, -9.81, 0.00) fixed=False
P[124] pos=(3.13, 8.25, -5.00) vel=(0.00, 0.00, 0.00) gravity=(0.00, -9.81, 0.00) force=(0.00, -9.81, 0.00) fixed=False
P[125] pos=(3.13, 5.75, -5.00) vel=(0.00, 0.00, 0.00) gravity=(0.00, -9.81, 0.00) force=(0.00, -9.81, 0.00) fixed=False
P[126] pos=(2.81, 5.75, -4.04) vel=(0.00, 0.00, 0.00) gravity=(0.00, -9.81, 0.00) force=(0.00, -9.81, 0.00) fixed=False
P[127] pos=(2.81, 8.25, -4.04) vel=(0.00, 0.00, 0.00) gravity=(0.00, -9.81, 0.00) force=(0.00, -9.81, 0.00) fixed=False
P[128] pos=(0.63, 5.75, -5.00) vel=(0.00, 0.00, 0.00) gravity=(0.00, -9.81, 0.00) force=(0.00, -9.81, 0.00) fixed=False
P[129] pos=(0.63, 8.25, -5.00) vel=(0.00, 0.00, 0.00) gravity=(0.00, -9.81, 0.00) force=(0.00, -9.81, 0.00) fixed=False
P[130] pos=(0.31, 5.75, -4.13) vel=(0.00, 0.00, 0.00) gravity=(0.00, -9.81, 0.00) force=(0.00, -9.81, 0.00) fixed=False
P[131] pos=(0.31, 8.25, -4.13) vel=(0.00, 0.00, 0.00) gravity=(0.00, -9.81, 0.00) force=(0.00, -9.81, 0.00) fixed=False
P[132] pos=(-0.88, 8.25, -3.21) vel=(0.00, 0.00, 0.00) gravity=(0.00, -9.81, 0.00) force=(0.00, -9.81, 0.00) fixed=False
P[133] pos=(-0.88, 5.75, -3.21) vel=(0.00, 0.00, 0.00) gravity=(0.00, -9.81, 0.00) force=(0.00, -9.81, 0.00) fixed=False
P[134] pos=(1.88, 8.25, -5.00) vel=(0.00, 0.00, 0.00) gravity=(0.00, -9.81, 0.00) force=(0.00, -9.81, 0.00) fixed=False
P[135] pos=(1.88, 5.75, -5.00) vel=(0.00, 0.00, 0.00) gravity=(0.00, -9.81, 0.00) force=(0.00, -9.81, 0.00) fixed=False
P[136] pos=(1.56, 5.75, -3.90) vel=(0.00, 0.00, 0.00) gravity=(0.00, -9.81, 0.00) force=(0.00, -9.81, 0.00) fixed=False
P[137] pos=(1.56, 8.25, -3.90) vel=(0.00, 0.00, 0.00) gravity=(0.00, -9.81, 0.00) force=(0.00, -9.81, 0.00) fixed=False
P[138] pos=(-0.63, 8.25, -5.00) vel=(0.00, 0.00, 0.00) gravity=(0.00, -9.81, 0.00) force=(0.00, -9.81, 0.00) fixed=False
P[139] pos=(-0.63, 5.75, -5.00) vel=(0.00, 0.00, 0.00) gravity=(0.00, -9.81, 0.00) force=(0.00, -9.81, 0.00) fixed=False
P[140] pos=(-0.94, 5.75, -4.13) vel=(0.00, 0.00, 0.00) gravity=(0.00, -9.81, 0.00) force=(0.00, -9.81, 0.00) fixed=False
P[141] pos=(-0.94, 8.25, -4.13) vel=(0.00, 0.00, 0.00) gravity=(0.00, -9.81, 0.00) force=(0.00, -9.81, 0.00) fixed=False
P[142] pos=(-2.12, 8.25, -3.59) vel=(0.00, 0.00, 0.00) gravity=(0.00, -9.81, 0.00) force=(0.00, -9.81, 0.00) fixed=False
P[143] pos=(-2.12, 5.75, -3.59) vel=(0.00, 0.00, 0.00) gravity=(0.00, -9.81, 0.00) force=(0.00, -9.81, 0.00) fixed=False
P[144] pos=(-1.88, 8.25, -5.00) vel=(0.00, 0.00, 0.00) gravity=(0.00, -9.81, 0.00) force=(0.00, -9.81, 0.00) fixed=False
P[145] pos=(-1.88, 5.75, -5.00) vel=(0.00, 0.00, 0.00) gravity=(0.00, -9.81, 0.00) force=(0.00, -9.81, 0.00) fixed=False
P[146] pos=(-4.38, 8.25, -5.00) vel=(0.00, 0.00, 0.00) gravity=(0.00, -9.81, 0.00) force=(0.00, -9.81, 0.00) fixed=False
P[147] pos=(-4.38, 5.75, -5.00) vel=(0.00, 0.00, 0.00) gravity=(0.00, -9.81, 0.00) force=(0.00, -9.81, 0.00) fixed=False
P[148] pos=(-4.06, 8.25, -4.06) vel=(0.00, 0.00, 0.00) gravity=(0.00, -9.81, 0.00) force=(0.00, -9.81, 0.00) fixed=False
P[149] pos=(-4.06, 5.75, -4.06) vel=(0.00, 0.00, 0.00) gravity=(0.00, -9.81, 0.00) force=(0.00, -9.81, 0.00) fixed=False
P[150] pos=(-3.13, 8.25, -5.00) vel=(0.00, 0.00, 0.00) gravity=(0.00, -9.81, 0.00) force=(0.00, -9.81, 0.00) fixed=False
P[151] pos=(-3.13, 5.75, -5.00) vel=(0.00, 0.00, 0.00) gravity=(0.00, -9.81, 0.00) force=(0.00, -9.81, 0.00) fixed=False
P[152] pos=(-2.81, 8.25, -4.16) vel=(0.00, 0.00, 0.00) gravity=(0.00, -9.81, 0.00) force=(0.00, -9.81, 0.00) fixed=False
P[153] pos=(-2.81, 5.75, -4.16) vel=(0.00, 0.00, 0.00) gravity=(0.00, -9.81, 0.00) force=(0.00, -9.81, 0.00) fixed=False
P[154] pos=(5.00, 5.75, -4.38) vel=(0.00, 0.00, 0.00) gravity=(0.00, -9.81, 0.00) force=(0.00, -9.81, 0.00) fixed=False
P[155] pos=(5.00, 8.25, -4.38) vel=(0.00, 0.00, 0.00) gravity=(0.00, -9.81, 0.00) force=(0.00, -9.81, 0.00) fixed=False
P[156] pos=(5.00, 5.75, -3.13) vel=(0.00, 0.00, 0.00) gravity=(0.00, -9.81, 0.00) force=(0.00, -9.81, 0.00) fixed=False
P[157] pos=(5.00, 8.25, -3.13) vel=(0.00, 0.00, 0.00) gravity=(0.00, -9.81, 0.00) force=(0.00, -9.81, 0.00) fixed=False
P[158] pos=(4.13, 8.25, -2.81) vel=(0.00, 0.00, 0.00) gravity=(0.00, -9.81, 0.00) force=(0.00, -9.81, 0.00) fixed=False
P[159] pos=(4.13, 5.75, -2.81) vel=(0.00, 0.00, 0.00) gravity=(0.00, -9.81, 0.00) force=(0.00, -9.81, 0.00) fixed=False
P[160] pos=(5.00, 8.25, -0.63) vel=(0.00, 0.00, 0.00) gravity=(0.00, -9.81, 0.00) force=(0.00, -9.81, 0.00) fixed=False
P[161] pos=(5.00, 5.75, -0.63) vel=(0.00, 0.00, 0.00) gravity=(0.00, -9.81, 0.00) force=(0.00, -9.81, 0.00) fixed=False
P[162] pos=(4.13, 8.25, -0.31) vel=(0.00, 0.00, 0.00) gravity=(0.00, -9.81, 0.00) force=(0.00, -9.81, 0.00) fixed=False
P[163] pos=(4.13, 5.75, -0.31) vel=(0.00, 0.00, 0.00) gravity=(0.00, -9.81, 0.00) force=(0.00, -9.81, 0.00) fixed=False
P[164] pos=(3.21, 5.75, 0.88) vel=(0.00, 0.00, 0.00) gravity=(0.00, -9.81, 0.00) force=(0.00, -9.81, 0.00) fixed=False
P[165] pos=(3.21, 8.25, 0.88) vel=(0.00, 0.00, 0.00) gravity=(0.00, -9.81, 0.00) force=(0.00, -9.81, 0.00) fixed=False
P[166] pos=(5.00, 8.25, -1.88) vel=(0.00, 0.00, 0.00) gravity=(0.00, -9.81, 0.00) force=(0.00, -9.81, 0.00) fixed=False
P[167] pos=(5.00, 5.75, -1.88) vel=(0.00, 0.00, 0.00) gravity=(0.00, -9.81, 0.00) force=(0.00, -9.81, 0.00) fixed=False
P[168] pos=(3.90, 8.25, -1.56) vel=(0.00, 0.00, 0.00) gravity=(0.00, -9.81, 0.00) force=(0.00, -9.81, 0.00) fixed=False
P[169] pos=(3.90, 5.75, -1.56) vel=(0.00, 0.00, 0.00) gravity=(0.00, -9.81, 0.00) force=(0.00, -9.81, 0.00) fixed=False
P[170] pos=(5.00, 8.25, 4.38) vel=(0.00, 0.00, 0.00) gravity=(0.00, -9.81, 0.00) force=(0.00, -9.81, 0.00) fixed=False
P[171] pos=(5.00, 5.75, 4.38) vel=(0.00, 0.00, 0.00) gravity=(0.00, -9.81, 0.00) force=(0.00, -9.81, 0.00) fixed=False
P[172] pos=(5.00, 5.75, 3.13) vel=(0.00, 0.00, 0.00) gravity=(0.00, -9.81, 0.00) force=(0.00, -9.81, 0.00) fixed=False
P[173] pos=(5.00, 8.25, 3.13) vel=(0.00, 0.00, 0.00) gravity=(0.00, -9.81, 0.00) force=(0.00, -9.81, 0.00) fixed=False
P[174] pos=(4.02, 5.75, 2.81) vel=(0.00, 0.00, 0.00) gravity=(0.00, -9.81, 0.00) force=(0.00, -9.81, 0.00) fixed=False
P[175] pos=(4.02, 8.25, 2.81) vel=(0.00, 0.00, 0.00) gravity=(0.00, -9.81, 0.00) force=(0.00, -9.81, 0.00) fixed=False
P[176] pos=(5.00, 8.25, 0.63) vel=(0.00, 0.00, 0.00) gravity=(0.00, -9.81, 0.00) force=(0.00, -9.81, 0.00) fixed=False
P[177] pos=(5.00, 5.75, 0.63) vel=(0.00, 0.00, 0.00) gravity=(0.00, -9.81, 0.00) force=(0.00, -9.81, 0.00) fixed=False
P[178] pos=(4.13, 8.25, 0.94) vel=(0.00, 0.00, 0.00) gravity=(0.00, -9.81, 0.00) force=(0.00, -9.81, 0.00) fixed=False
P[179] pos=(4.13, 5.75, 0.94) vel=(0.00, 0.00, 0.00) gravity=(0.00, -9.81, 0.00) force=(0.00, -9.81, 0.00) fixed=False
P[180] pos=(5.00, 8.25, 1.88) vel=(0.00, 0.00, 0.00) gravity=(0.00, -9.81, 0.00) force=(0.00, -9.81, 0.00) fixed=False
P[181] pos=(5.00, 5.75, 1.88) vel=(0.00, 0.00, 0.00) gravity=(0.00, -9.81, 0.00) force=(0.00, -9.81, 0.00) fixed=False
P[182] pos=(-5.00, 8.25, -4.38) vel=(0.00, 0.00, 0.00) gravity=(0.00, -9.81, 0.00) force=(0.00, -9.81, 0.00) fixed=False
P[183] pos=(-5.00, 5.75, -4.38) vel=(0.00, 0.00, 0.00) gravity=(0.00, -9.81, 0.00) force=(0.00, -9.81, 0.00) fixed=False
P[184] pos=(-5.00, 8.25, -3.13) vel=(0.00, 0.00, 0.00) gravity=(0.00, -9.81, 0.00) force=(0.00, -9.81, 0.00) fixed=False
P[185] pos=(-5.00, 5.75, -3.13) vel=(0.00, 0.00, 0.00) gravity=(0.00, -9.81, 0.00) force=(0.00, -9.81, 0.00) fixed=False
P[186] pos=(-4.16, 5.75, -2.81) vel=(0.00, 0.00, 0.00) gravity=(0.00, -9.81, 0.00) force=(0.00, -9.81, 0.00) fixed=False
P[187] pos=(-4.16, 8.25, -2.81) vel=(0.00, 0.00, 0.00) gravity=(0.00, -9.81, 0.00) force=(0.00, -9.81, 0.00) fixed=False
P[188] pos=(-3.26, 8.25, -1.68) vel=(0.00, 0.00, 0.00) gravity=(0.00, -9.81, 0.00) force=(0.00, -9.81, 0.00) fixed=False
P[189] pos=(-3.26, 5.75, -1.68) vel=(0.00, 0.00, 0.00) gravity=(0.00, -9.81, 0.00) force=(0.00, -9.81, 0.00) fixed=False
P[190] pos=(-5.00, 5.75, -0.63) vel=(0.00, 0.00, 0.00) gravity=(0.00, -9.81, 0.00) force=(0.00, -9.81, 0.00) fixed=False
P[191] pos=(-5.00, 8.25, -0.63) vel=(0.00, 0.00, 0.00) gravity=(0.00, -9.81, 0.00) force=(0.00, -9.81, 0.00) fixed=False
P[192] pos=(-3.75, 5.75, -0.31) vel=(0.00, 0.00, 0.00) gravity=(0.00, -9.81, 0.00) force=(0.00, -9.81, 0.00) fixed=False
P[193] pos=(-3.75, 8.25, -0.31) vel=(0.00, 0.00, 0.00) gravity=(0.00, -9.81, 0.00) force=(0.00, -9.81, 0.00) fixed=False
P[194] pos=(-5.00, 5.75, -1.88) vel=(0.00, 0.00, 0.00) gravity=(0.00, -9.81, 0.00) force=(0.00, -9.81, 0.00) fixed=False
P[195] pos=(-5.00, 8.25, -1.88) vel=(0.00, 0.00, 0.00) gravity=(0.00, -9.81, 0.00) force=(0.00, -9.81, 0.00) fixed=False
P[196] pos=(-4.16, 5.75, -1.56) vel=(0.00, 0.00, 0.00) gravity=(0.00, -9.81, 0.00) force=(0.00, -9.81, 0.00) fixed=False
P[197] pos=(-4.16, 8.25, -1.56) vel=(0.00, 0.00, 0.00) gravity=(0.00, -9.81, 0.00) force=(0.00, -9.81, 0.00) fixed=False
P[198] pos=(-5.00, 8.25, 4.38) vel=(0.00, 0.00, 0.00) gravity=(0.00, -9.81, 0.00) force=(0.00, -9.81, 0.00) fixed=False
P[199] pos=(-5.00, 5.75, 4.38) vel=(0.00, 0.00, 0.00) gravity=(0.00, -9.81, 0.00) force=(0.00, -9.81, 0.00) fixed=False
P[200] pos=(-5.00, 8.25, 3.13) vel=(0.00, 0.00, 0.00) gravity=(0.00, -9.81, 0.00) force=(0.00, -9.81, 0.00) fixed=False
P[201] pos=(-5.00, 5.75, 3.13) vel=(0.00, 0.00, 0.00) gravity=(0.00, -9.81, 0.00) force=(0.00, -9.81, 0.00) fixed=False
P[202] pos=(-3.75, 8.25, 2.81) vel=(0.00, 0.00, 0.00) gravity=(0.00, -9.81, 0.00) force=(0.00, -9.81, 0.00) fixed=False
P[203] pos=(-3.75, 5.75, 2.81) vel=(0.00, 0.00, 0.00) gravity=(0.00, -9.81, 0.00) force=(0.00, -9.81, 0.00) fixed=False
P[204] pos=(-5.00, 5.75, 0.63) vel=(0.00, 0.00, 0.00) gravity=(0.00, -9.81, 0.00) force=(0.00, -9.81, 0.00) fixed=False
P[205] pos=(-5.00, 8.25, 0.63) vel=(0.00, 0.00, 0.00) gravity=(0.00, -9.81, 0.00) force=(0.00, -9.81, 0.00) fixed=False
P[206] pos=(-3.93, 5.75, 0.94) vel=(0.00, 0.00, 0.00) gravity=(0.00, -9.81, 0.00) force=(0.00, -9.81, 0.00) fixed=False
P[207] pos=(-3.93, 8.25, 0.94) vel=(0.00, 0.00, 0.00) gravity=(0.00, -9.81, 0.00) force=(0.00, -9.81, 0.00) fixed=False
P[208] pos=(-5.00, 5.75, 1.88) vel=(0.00, 0.00, 0.00) gravity=(0.00, -9.81, 0.00) force=(0.00, -9.81, 0.00) fixed=False
P[209] pos=(-5.00, 8.25, 1.88) vel=(0.00, 0.00, 0.00) gravity=(0.00, -9.81, 0.00) force=(0.00, -9.81, 0.00) fixed=False
P[210] pos=(-1.56, 5.75, 4.23) vel=(0.00, 0.00, 0.00) gravity=(0.00, -9.81, 0.00) force=(0.00, -9.81, 0.00) fixed=False
P[211] pos=(-1.56, 8.25, 4.23) vel=(0.00, 0.00, 0.00) gravity=(0.00, -9.81, 0.00) force=(0.00, -9.81, 0.00) fixed=False
P[212] pos=(-4.26, 5.75, 2.19) vel=(0.00, 0.00, 0.00) gravity=(0.00, -9.81, 0.00) force=(0.00, -9.81, 0.00) fixed=False
P[213] pos=(-4.26, 8.25, 2.19) vel=(0.00, 0.00, 0.00) gravity=(0.00, -9.81, 0.00) force=(0.00, -9.81, 0.00) fixed=False
P[214] pos=(-3.15, 5.75, 1.81) vel=(0.00, 0.00, 0.00) gravity=(0.00, -9.81, 0.00) force=(0.00, -9.81, 0.00) fixed=False
P[215] pos=(-3.15, 8.25, 1.81) vel=(0.00, 0.00, 0.00) gravity=(0.00, -9.81, 0.00) force=(0.00, -9.81, 0.00) fixed=False
P[216] pos=(-0.08, 8.25, -1.49) vel=(0.00, 0.00, 0.00) gravity=(0.00, -9.81, 0.00) force=(0.00, -9.81, 0.00) fixed=False
P[217] pos=(-0.08, 5.75, -1.49) vel=(0.00, 0.00, 0.00) gravity=(0.00, -9.81, 0.00) force=(0.00, -9.81, 0.00) fixed=False
P[218] pos=(1.49, 5.75, 0.08) vel=(0.00, 0.00, 0.00) gravity=(0.00, -9.81, 0.00) force=(0.00, -9.81, 0.00) fixed=False
P[219] pos=(1.49, 8.25, 0.08) vel=(0.00, 0.00, 0.00) gravity=(0.00, -9.81, 0.00) force=(0.00, -9.81, 0.00) fixed=False
P[220] pos=(-4.33, 5.75, 0.31) vel=(0.00, 0.00, 0.00) gravity=(0.00, -9.81, 0.00) force=(0.00, -9.81, 0.00) fixed=False
P[221] pos=(-4.33, 8.25, 0.31) vel=(0.00, 0.00, 0.00) gravity=(0.00, -9.81, 0.00) force=(0.00, -9.81, 0.00) fixed=False
P[222] pos=(2.19, 8.25, -4.37) vel=(0.00, 0.00, 0.00) gravity=(0.00, -9.81, 0.00) force=(0.00, -9.81, 0.00) fixed=False
P[223] pos=(2.19, 5.75, -4.37) vel=(0.00, 0.00, 0.00) gravity=(0.00, -9.81, 0.00) force=(0.00, -9.81, 0.00) fixed=False
P[224] pos=(3.61, 5.75, 1.85) vel=(0.00, 0.00, 0.00) gravity=(0.00, -9.81, 0.00) force=(0.00, -9.81, 0.00) fixed=False
P[225] pos=(3.61, 8.25, 1.85) vel=(0.00, 0.00, 0.00) gravity=(0.00, -9.81, 0.00) force=(0.00, -9.81, 0.00) fixed=False
P[226] pos=(4.36, 8.25, 2.19) vel=(0.00, 0.00, 0.00) gravity=(0.00, -9.81, 0.00) force=(0.00, -9.81, 0.00) fixed=False
P[227] pos=(4.36, 5.75, 2.19) vel=(0.00, 0.00, 0.00) gravity=(0.00, -9.81, 0.00) force=(0.00, -9.81, 0.00) fixed=False
P[228] pos=(-3.44, 8.25, 4.38) vel=(0.00, 0.00, 0.00) gravity=(0.00, -9.81, 0.00) force=(0.00, -9.81, 0.00) fixed=False
P[229] pos=(-3.44, 5.75, 4.38) vel=(0.00, 0.00, 0.00) gravity=(0.00, -9.81, 0.00) force=(0.00, -9.81, 0.00) fixed=False
P[230] pos=(-0.31, 8.25, 4.38) vel=(0.00, 0.00, 0.00) gravity=(0.00, -9.81, 0.00) force=(0.00, -9.81, 0.00) fixed=False
P[231] pos=(-0.31, 5.75, 4.38) vel=(0.00, 0.00, 0.00) gravity=(0.00, -9.81, 0.00) force=(0.00, -9.81, 0.00) fixed=False
P[232] pos=(3.44, 8.25, -4.38) vel=(0.00, 0.00, 0.00) gravity=(0.00, -9.81, 0.00) force=(0.00, -9.81, 0.00) fixed=False
P[233] pos=(3.44, 5.75, -4.38) vel=(0.00, 0.00, 0.00) gravity=(0.00, -9.81, 0.00) force=(0.00, -9.81, 0.00) fixed=False
P[234] pos=(4.38, 8.25, 3.44) vel=(0.00, 0.00, 0.00) gravity=(0.00, -9.81, 0.00) force=(0.00, -9.81, 0.00) fixed=False
P[235] pos=(4.38, 5.75, 3.44) vel=(0.00, 0.00, 0.00) gravity=(0.00, -9.81, 0.00) force=(0.00, -9.81, 0.00) fixed=False
P[236] pos=(-4.38, 5.75, 3.44) vel=(0.00, 0.00, 0.00) gravity=(0.00, -9.81, 0.00) force=(0.00, -9.81, 0.00) fixed=False
P[237] pos=(-4.38, 8.25, 3.44) vel=(0.00, 0.00, 0.00) gravity=(0.00, -9.81, 0.00) force=(0.00, -9.81, 0.00) fixed=False
P[238] pos=(3.42, 5.75, 3.91) vel=(0.00, 0.00, 0.00) gravity=(0.00, -9.81, 0.00) force=(0.00, -9.81, 0.00) fixed=False
P[239] pos=(3.42, 8.25, 3.91) vel=(0.00, 0.00, 0.00) gravity=(0.00, -9.81, 0.00) force=(0.00, -9.81, 0.00) fixed=False
P[240] pos=(4.56, 5.75, 2.81) vel=(0.00, 0.00, 0.00) gravity=(0.00, -9.81, 0.00) force=(0.00, -9.81, 0.00) fixed=False
P[241] pos=(4.56, 8.25, 2.81) vel=(0.00, 0.00, 0.00) gravity=(0.00, -9.81, 0.00) force=(0.00, -9.81, 0.00) fixed=False
P[242] pos=(-4.06, 8.25, 4.58) vel=(0.00, 0.00, 0.00) gravity=(0.00, -9.81, 0.00) force=(0.00, -9.81, 0.00) fixed=False
P[243] pos=(-4.06, 5.75, 4.58) vel=(0.00, 0.00, 0.00) gravity=(0.00, -9.81, 0.00) force=(0.00, -9.81, 0.00) fixed=False
P[244] pos=(-3.63, 8.25, -1.04) vel=(0.00, 0.00, 0.00) gravity=(0.00, -9.81, 0.00) force=(0.00, -9.81, 0.00) fixed=False
P[245] pos=(-3.63, 5.75, -1.04) vel=(0.00, 0.00, 0.00) gravity=(0.00, -9.81, 0.00) force=(0.00, -9.81, 0.00) fixed=False
P[246] pos=(-2.25, 8.25, -0.67) vel=(0.00, 0.00, 0.00) gravity=(0.00, -9.81, 0.00) force=(0.00, -9.81, 0.00) fixed=False
P[247] pos=(-2.25, 5.75, -0.67) vel=(0.00, 0.00, 0.00) gravity=(0.00, -9.81, 0.00) force=(0.00, -9.81, 0.00) fixed=False
P[248] pos=(4.41, 5.75, 1.53) vel=(0.00, 0.00, 0.00) gravity=(0.00, -9.81, 0.00) force=(0.00, -9.81, 0.00) fixed=False
P[249] pos=(4.41, 8.25, 1.53) vel=(0.00, 0.00, 0.00) gravity=(0.00, -9.81, 0.00) force=(0.00, -9.81, 0.00) fixed=False
P[250] pos=(-4.50, 5.75, 4.32) vel=(0.00, 0.00, 0.00) gravity=(0.00, -9.81, 0.00) force=(0.00, -9.81, 0.00) fixed=False
P[251] pos=(-4.50, 8.25, 4.32) vel=(0.00, 0.00, 0.00) gravity=(0.00, -9.81, 0.00) force=(0.00, -9.81, 0.00) fixed=False
P[252] pos=(-4.30, 8.25, -0.77) vel=(0.00, 0.00, 0.00) gravity=(0.00, -9.81, 0.00) force=(0.00, -9.81, 0.00) fixed=False
P[253] pos=(-4.30, 5.75, -0.77) vel=(0.00, 0.00, 0.00) gravity=(0.00, -9.81, 0.00) force=(0.00, -9.81, 0.00) fixed=False
P[254] pos=(-4.58, 5.75, -4.06) vel=(0.00, 0.00, 0.00) gravity=(0.00, -9.81, 0.00) force=(0.00, -9.81, 0.00) fixed=False
P[255] pos=(-4.58, 8.25, -4.06) vel=(0.00, 0.00, 0.00) gravity=(0.00, -9.81, 0.00) force=(0.00, -9.81, 0.00) fixed=False
P[256] pos=(-4.32, 8.25, -3.45) vel=(0.00, 0.00, 0.00) gravity=(0.00, -9.81, 0.00) force=(0.00, -9.81, 0.00) fixed=False
P[257] pos=(-4.32, 5.75, -3.45) vel=(0.00, 0.00, 0.00) gravity=(0.00, -9.81, 0.00) force=(0.00, -9.81, 0.00) fixed=False
P[258] pos=(0.56, 5.75, 1.62) vel=(0.00, 0.00, 0.00) gravity=(0.00, -9.81, 0.00) force=(0.00, -9.81, 0.00) fixed=False
P[259] pos=(0.56, 8.25, 1.62) vel=(0.00, 0.00, 0.00) gravity=(0.00, -9.81, 0.00) force=(0.00, -9.81, 0.00) fixed=False
P[260] pos=(1.56, 8.25, -4.50) vel=(0.00, 0.00, 0.00) gravity=(0.00, -9.81, 0.00) force=(0.00, -9.81, 0.00) fixed=False
P[261] pos=(1.56, 5.75, -4.50) vel=(0.00, 0.00, 0.00) gravity=(0.00, -9.81, 0.00) force=(0.00, -9.81, 0.00) fixed=False
P[262] pos=(0.97, 8.25, -4.20) vel=(0.00, 0.00, 0.00) gravity=(0.00, -9.81, 0.00) force=(0.00, -9.81, 0.00) fixed=False
P[263] pos=(0.97, 5.75, -4.20) vel=(0.00, 0.00, 0.00) gravity=(0.00, -9.81, 0.00) force=(0.00, -9.81, 0.00) fixed=False
P[264] pos=(-4.48, 5.75, -0.23) vel=(0.00, 0.00, 0.00) gravity=(0.00, -9.81, 0.00) force=(0.00, -9.81, 0.00) fixed=False
P[265] pos=(-4.48, 8.25, -0.23) vel=(0.00, 0.00, 0.00) gravity=(0.00, -9.81, 0.00) force=(0.00, -9.81, 0.00) fixed=False
P[266] pos=(-4.51, 8.25, -1.22) vel=(0.00, 0.00, 0.00) gravity=(0.00, -9.81, 0.00) force=(0.00, -9.81, 0.00) fixed=False
P[267] pos=(4.53, 8.25, 3.91) vel=(0.00, 0.00, 0.00) gravity=(0.00, -9.81, 0.00) force=(0.00, -9.81, 0.00) fixed=False
P[268] pos=(-0.16, 5.75, 3.41) vel=(0.00, 0.00, 0.00) gravity=(0.00, -9.81, 0.00) force=(0.00, -9.81, 0.00) fixed=False
P[269] pos=(-0.16, 8.25, 3.41) vel=(0.00, 0.00, 0.00) gravity=(0.00, -9.81, 0.00) force=(0.00, -9.81, 0.00) fixed=False
P[270] pos=(-0.85, 8.25, 2.65) vel=(0.00, 0.00, 0.00) gravity=(0.00, -9.81, 0.00) force=(0.00, -9.81, 0.00) fixed=False
P[271] pos=(-0.85, 5.75, 2.65) vel=(0.00, 0.00, 0.00) gravity=(0.00, -9.81, 0.00) force=(0.00, -9.81, 0.00) fixed=False
P[272] pos=(-1.39, 8.25, 1.56) vel=(0.00, 0.00, 0.00) gravity=(0.00, -9.81, 0.00) force=(0.00, -9.81, 0.00) fixed=False
P[273] pos=(-1.39, 5.75, 1.56) vel=(0.00, 0.00, 0.00) gravity=(0.00, -9.81, 0.00) force=(0.00, -9.81, 0.00) fixed=False
P[274] pos=(0.48, 5.75, 0.51) vel=(0.00, 0.00, 0.00) gravity=(0.00, -9.81, 0.00) force=(0.00, -9.81, 0.00) fixed=False
P[275] pos=(0.48, 8.25, 0.51) vel=(0.00, 0.00, 0.00) gravity=(0.00, -9.81, 0.00) force=(0.00, -9.81, 0.00) fixed=False
P[276] pos=(-4.35, 8.25, 1.50) vel=(0.00, 0.00, 0.00) gravity=(0.00, -9.81, 0.00) force=(0.00, -9.81, 0.00) fixed=False
P[277] pos=(-4.35, 5.75, 1.50) vel=(0.00, 0.00, 0.00) gravity=(0.00, -9.81, 0.00) force=(0.00, -9.81, 0.00) fixed=False
P[278] pos=(0.31, 8.25, 4.59) vel=(0.00, 0.00, 0.00) gravity=(0.00, -9.81, 0.00) force=(0.00, -9.81, 0.00) fixed=False
P[279] pos=(0.31, 5.75, 4.59) vel=(0.00, 0.00, 0.00) gravity=(0.00, -9.81, 0.00) force=(0.00, -9.81, 0.00) fixed=False
P[280] pos=(0.92, 8.25, 4.34) vel=(0.00, 0.00, 0.00) gravity=(0.00, -9.81, 0.00) force=(0.00, -9.81, 0.00) fixed=False
P[281] pos=(0.92, 5.75, 4.34) vel=(0.00, 0.00, 0.00) gravity=(0.00, -9.81, 0.00) force=(0.00, -9.81, 0.00) fixed=False
P[282] pos=(1.09, 5.75, 3.67) vel=(0.00, 0.00, 0.00) gravity=(0.00, -9.81, 0.00) force=(0.00, -9.81, 0.00) fixed=False
P[283] pos=(1.09, 8.25, 3.67) vel=(0.00, 0.00, 0.00) gravity=(0.00, -9.81, 0.00) force=(0.00, -9.81, 0.00) fixed=False
P[284] pos=(2.94, 5.75, -2.08) vel=(0.00, 0.00, 0.00) gravity=(0.00, -9.81, 0.00) force=(0.00, -9.81, 0.00) fixed=False
P[285] pos=(2.94, 8.25, -2.08) vel=(0.00, 0.00, 0.00) gravity=(0.00, -9.81, 0.00) force=(0.00, -9.81, 0.00) fixed=False
P[286] pos=(-0.02, 8.25, 1.11) vel=(0.00, 0.00, 0.00) gravity=(0.00, -9.81, 0.00) force=(0.00, -9.81, 0.00) fixed=False
P[287] pos=(-0.02, 5.75, 1.11) vel=(0.00, 0.00, 0.00) gravity=(0.00, -9.81, 0.00) force=(0.00, -9.81, 0.00) fixed=False
P[288] pos=(-0.26, 8.25, 1.97) vel=(0.00, 0.00, 0.00) gravity=(0.00, -9.81, 0.00) force=(0.00, -9.81, 0.00) fixed=False
P[289] pos=(-0.26, 5.75, 1.97) vel=(0.00, 0.00, 0.00) gravity=(0.00, -9.81, 0.00) force=(0.00, -9.81, 0.00) fixed=False
P[290] pos=(-1.35, 5.75, 3.12) vel=(0.00, 0.00, 0.00) gravity=(0.00, -9.81, 0.00) force=(0.00, -9.81, 0.00) fixed=False
P[291] pos=(-1.35, 8.25, 3.12) vel=(0.00, 0.00, 0.00) gravity=(0.00, -9.81, 0.00) force=(0.00, -9.81, 0.00) fixed=False
P[292] pos=(-2.08, 5.75, 3.45) vel=(0.00, 0.00, 0.00) gravity=(0.00, -9.81, 0.00) force=(0.00, -9.81, 0.00) fixed=False
P[293] pos=(-2.08, 8.25, 3.45) vel=(0.00, 0.00, 0.00) gravity=(0.00, -9.81, 0.00) force=(0.00, -9.81, 0.00) fixed=False
P[294] pos=(-2.74, 5.75, 2.86) vel=(0.00, 0.00, 0.00) gravity=(0.00, -9.81, 0.00) force=(0.00, -9.81, 0.00) fixed=False
P[295] pos=(-2.74, 8.25, 2.86) vel=(0.00, 0.00, 0.00) gravity=(0.00, -9.81, 0.00) force=(0.00, -9.81, 0.00) fixed=False
P[296] pos=(2.19, 5.75, 4.41) vel=(0.00, 0.00, 0.00) gravity=(0.00, -9.81, 0.00) force=(0.00, -9.81, 0.00) fixed=False
P[297] pos=(2.19, 8.25, 4.41) vel=(0.00, 0.00, 0.00) gravity=(0.00, -9.81, 0.00) force=(0.00, -9.81, 0.00) fixed=False
P[298] pos=(-4.40, 8.25, -2.19) vel=(0.00, 0.00, 0.00) gravity=(0.00, -9.81, 0.00) force=(0.00, -9.81, 0.00) fixed=False
P[299] pos=(-4.40, 5.75, -2.19) vel=(0.00, 0.00, 0.00) gravity=(0.00, -9.81, 0.00) force=(0.00, -9.81, 0.00) fixed=False
P[300] pos=(3.90, 8.25, 1.41) vel=(0.00, 0.00, 0.00) gravity=(0.00, -9.81, 0.00) force=(0.00, -9.81, 0.00) fixed=False
P[301] pos=(3.90, 5.75, 1.41) vel=(0.00, 0.00, 0.00) gravity=(0.00, -9.81, 0.00) force=(0.00, -9.81, 0.00) fixed=False
P[302] pos=(3.51, 5.75, -2.48) vel=(0.00, 0.00, 0.00) gravity=(0.00, -9.81, 0.00) force=(0.00, -9.81, 0.00) fixed=False
P[303] pos=(3.51, 8.25, -2.48) vel=(0.00, 0.00, 0.00) gravity=(0.00, -9.81, 0.00) force=(0.00, -9.81, 0.00) fixed=False
P[304] pos=(0.60, 8.25, -0.60) vel=(0.00, 0.00, 0.00) gravity=(0.00, -9.81, 0.00) force=(0.00, -9.81, 0.00) fixed=False
P[305] pos=(0.60, 5.75, -0.60) vel=(0.00, 0.00, 0.00) gravity=(0.00, -9.81, 0.00) force=(0.00, -9.81, 0.00) fixed=False
P[306] pos=(2.84, 8.25, 1.60) vel=(0.00, 0.00, 0.00) gravity=(0.00, -9.81, 0.00) force=(0.00, -9.81, 0.00) fixed=False
P[307] pos=(2.84, 5.75, 1.60) vel=(0.00, 0.00, 0.00) gravity=(0.00, -9.81, 0.00) force=(0.00, -9.81, 0.00) fixed=False
P[308] pos=(2.14, 8.25, 0.86) vel=(0.00, 0.00, 0.00) gravity=(0.00, -9.81, 0.00) force=(0.00, -9.81, 0.00) fixed=False
P[309] pos=(2.14, 5.75, 0.86) vel=(0.00, 0.00, 0.00) gravity=(0.00, -9.81, 0.00) force=(0.00, -9.81, 0.00) fixed=False
P[310] pos=(2.74, 5.75, 2.50) vel=(0.00, 0.00, 0.00) gravity=(0.00, -9.81, 0.00) force=(0.00, -9.81, 0.00) fixed=False
P[311] pos=(2.74, 8.25, 2.50) vel=(0.00, 0.00, 0.00) gravity=(0.00, -9.81, 0.00) force=(0.00, -9.81, 0.00) fixed=False
P[312] pos=(3.44, 8.25, 4.50) vel=(0.00, 0.00, 0.00) gravity=(0.00, -9.81, 0.00) force=(0.00, -9.81, 0.00) fixed=False
P[313] pos=(3.44, 5.75, 4.50) vel=(0.00, 0.00, 0.00) gravity=(0.00, -9.81, 0.00) force=(0.00, -9.81, 0.00) fixed=False
P[314] pos=(-2.32, 5.75, 1.39) vel=(0.00, 0.00, 0.00) gravity=(0.00, -9.81, 0.00) force=(0.00, -9.81, 0.00) fixed=False
P[315] pos=(-2.32, 8.25, 1.39) vel=(0.00, 0.00, 0.00) gravity=(0.00, -9.81, 0.00) force=(0.00, -9.81, 0.00) fixed=False
P[316] pos=(-1.74, 8.25, 0.41) vel=(0.00, 0.00, 0.00) gravity=(0.00, -9.81, 0.00) force=(0.00, -9.81, 0.00) fixed=False
P[317] pos=(-1.74, 5.75, 0.41) vel=(0.00, 0.00, 0.00) gravity=(0.00, -9.81, 0.00) force=(0.00, -9.81, 0.00) fixed=False
P[318] pos=(-0.97, 5.75, -0.59) vel=(0.00, 0.00, 0.00) gravity=(0.00, -9.81, 0.00) force=(0.00, -9.81, 0.00) fixed=False
P[319] pos=(-0.97, 8.25, -0.59) vel=(0.00, 0.00, 0.00) gravity=(0.00, -9.81, 0.00) force=(0.00, -9.81, 0.00) fixed=False
P[320] pos=(-2.30, 8.25, 4.29) vel=(0.00, 0.00, 0.00) gravity=(0.00, -9.81, 0.00) force=(0.00, -9.81, 0.00) fixed=False
P[321] pos=(-2.30, 5.75, 4.29) vel=(0.00, 0.00, 0.00) gravity=(0.00, -9.81, 0.00) force=(0.00, -9.81, 0.00) fixed=False
P[322] pos=(2.33, 5.75, 1.38) vel=(0.00, 0.00, 0.00) gravity=(0.00, -9.81, 0.00) force=(0.00, -9.81, 0.00) fixed=False
P[323] pos=(2.33, 8.25, 1.38) vel=(0.00, 0.00, 0.00) gravity=(0.00, -9.81, 0.00) force=(0.00, -9.81, 0.00) fixed=False
P[324] pos=(1.63, 5.75, 1.34) vel=(0.00, 0.00, 0.00) gravity=(0.00, -9.81, 0.00) force=(0.00, -9.81, 0.00) fixed=False
P[325] pos=(1.63, 8.25, 1.34) vel=(0.00, 0.00, 0.00) gravity=(0.00, -9.81, 0.00) force=(0.00, -9.81, 0.00) fixed=False
P[326] pos=(1.26, 8.25, 2.11) vel=(0.00, 0.00, 0.00) gravity=(0.00, -9.81, 0.00) force=(0.00, -9.81, 0.00) fixed=False
P[327] pos=(1.26, 5.75, 2.11) vel=(0.00, 0.00, 0.00) gravity=(0.00, -9.81, 0.00) force=(0.00, -9.81, 0.00) fixed=False
P[328] pos=(-2.11, 5.75, -4.31) vel=(0.00, 0.00, 0.00) gravity=(0.00, -9.81, 0.00) force=(0.00, -9.81, 0.00) fixed=False
P[329] pos=(-2.11, 8.25, -4.31) vel=(0.00, 0.00, 0.00) gravity=(0.00, -9.81, 0.00) force=(0.00, -9.81, 0.00) fixed=False
P[330] pos=(3.33, 8.25, 1.39) vel=(0.00, 0.00, 0.00) gravity=(0.00, -9.81, 0.00) force=(0.00, -9.81, 0.00) fixed=False
P[331] pos=(3.33, 5.75, 1.39) vel=(0.00, 0.00, 0.00) gravity=(0.00, -9.81, 0.00) force=(0.00, -9.81, 0.00) fixed=False
P[332] pos=(-1.95, 8.25, 1.99) vel=(0.00, 0.00, 0.00) gravity=(0.00, -9.81, 0.00) force=(0.00, -9.81, 0.00) fixed=False
P[333] pos=(-1.95, 5.75, 1.99) vel=(0.00, 0.00, 0.00) gravity=(0.00, -9.81, 0.00) force=(0.00, -9.81, 0.00) fixed=False
P[334] pos=(0.98, 8.25, 1.03) vel=(0.00, 0.00, 0.00) gravity=(0.00, -9.81, 0.00) force=(0.00, -9.81, 0.00) fixed=False
P[335] pos=(0.98, 5.75, 1.03) vel=(0.00, 0.00, 0.00) gravity=(0.00, -9.81, 0.00) force=(0.00, -9.81, 0.00) fixed=False
P[336] pos=(-1.55, 8.25, 3.66) vel=(0.00, 0.00, 0.00) gravity=(0.00, -9.81, 0.00) force=(0.00, -9.81, 0.00) fixed=False
P[337] pos=(-1.55, 5.75, 3.66) vel=(0.00, 0.00, 0.00) gravity=(0.00, -9.81, 0.00) force=(0.00, -9.81, 0.00) fixed=False
P[338] pos=(-3.42, 5.75, -3.81) vel=(0.00, 0.00, 0.00) gravity=(0.00, -9.81, 0.00) force=(0.00, -9.81, 0.00) fixed=False
P[339] pos=(-3.42, 8.25, -3.81) vel=(0.00, 0.00, 0.00) gravity=(0.00, -9.81, 0.00) force=(0.00, -9.81, 0.00) fixed=False
P[340] pos=(-0.18, 8.25, -0.16) vel=(0.00, 0.00, 0.00) gravity=(0.00, -9.81, 0.00) force=(0.00, -9.81, 0.00) fixed=False
P[341] pos=(-0.18, 5.75, -0.16) vel=(0.00, 0.00, 0.00) gravity=(0.00, -9.81, 0.00) force=(0.00, -9.81, 0.00) fixed=False
P[342] pos=(-4.44, 8.25, 2.80) vel=(0.00, 0.00, 0.00) gravity=(0.00, -9.81, 0.00) force=(0.00, -9.81, 0.00) fixed=False
P[343] pos=(-4.44, 5.75, 2.80) vel=(0.00, 0.00, 0.00) gravity=(0.00, -9.81, 0.00) force=(0.00, -9.81, 0.00) fixed=False
P[344] pos=(4.06, 5.75, -4.58) vel=(0.00, 0.00, 0.00) gravity=(0.00, -9.81, 0.00) force=(0.00, -9.81, 0.00) fixed=False
P[345] pos=(4.06, 8.25, -4.58) vel=(0.00, 0.00, 0.00) gravity=(0.00, -9.81, 0.00) force=(0.00, -9.81, 0.00) fixed=False
P[346] pos=(-1.77, 5.75, 1.05) vel=(0.00, 0.00, 0.00) gravity=(0.00, -9.81, 0.00) force=(0.00, -9.81, 0.00) fixed=False
P[347] pos=(-1.77, 8.25, 1.05) vel=(0.00, 0.00, 0.00) gravity=(0.00, -9.81, 0.00) force=(0.00, -9.81, 0.00) fixed=False
P[348] pos=(0.39, 5.75, -0.06) vel=(0.00, 0.00, 0.00) gravity=(0.00, -9.81, 0.00) force=(0.00, -9.81, 0.00) fixed=False
P[349] pos=(0.39, 8.25, -0.06) vel=(0.00, 0.00, 0.00) gravity=(0.00, -9.81, 0.00) force=(0.00, -9.81, 0.00) fixed=False
P[350] pos=(-0.09, 8.25, 0.41) vel=(0.00, 0.00, 0.00) gravity=(0.00, -9.81, 0.00) force=(0.00, -9.81, 0.00) fixed=False
P[351] pos=(-0.09, 5.75, 0.41) vel=(0.00, 0.00, 0.00) gravity=(0.00, -9.81, 0.00) force=(0.00, -9.81, 0.00) fixed=False
P[352] pos=(-0.04, 5.75, -0.82) vel=(0.00, 0.00, 0.00) gravity=(0.00, -9.81, 0.00) force=(0.00, -9.81, 0.00) fixed=False
P[353] pos=(-0.04, 8.25, -0.82) vel=(0.00, 0.00, 0.00) gravity=(0.00, -9.81, 0.00) force=(0.00, -9.81, 0.00) fixed=False
P[354] pos=(-3.23, 8.25, 2.44) vel=(0.00, 0.00, 0.00) gravity=(0.00, -9.81, 0.00) force=(0.00, -9.81, 0.00) fixed=False
P[355] pos=(-3.23, 5.75, 2.44) vel=(0.00, 0.00, 0.00) gravity=(0.00, -9.81, 0.00) force=(0.00, -9.81, 0.00) fixed=False
P[356] pos=(3.75, 8.25, 3.38) vel=(0.00, 0.00, 0.00) gravity=(0.00, -9.81, 0.00) force=(0.00, -9.81, 0.00) fixed=False
P[357] pos=(3.75, 5.75, 3.38) vel=(0.00, 0.00, 0.00) gravity=(0.00, -9.81, 0.00) force=(0.00, -9.81, 0.00) fixed=False
P[358] pos=(-3.53, 8.25, -2.39) vel=(0.00, 0.00, 0.00) gravity=(0.00, -9.81, 0.00) force=(0.00, -9.81, 0.00) fixed=False
P[359] pos=(-3.53, 5.75, -2.39) vel=(0.00, 0.00, 0.00) gravity=(0.00, -9.81, 0.00) force=(0.00, -9.81, 0.00) fixed=False
P[360] pos=(-2.65, 8.25, -2.54) vel=(0.00, 0.00, 0.00) gravity=(0.00, -9.81, 0.00) force=(0.00, -9.81, 0.00) fixed=False
P[361] pos=(-2.65, 5.75, -2.54) vel=(0.00, 0.00, 0.00) gravity=(0.00, -9.81, 0.00) force=(0.00, -9.81, 0.00) fixed=False
P[362] pos=(-0.67, 5.75, 3.18) vel=(0.00, 0.00, 0.00) gravity=(0.00, -9.81, 0.00) force=(0.00, -9.81, 0.00) fixed=False
P[363] pos=(-0.67, 8.25, 3.18) vel=(0.00, 0.00, 0.00) gravity=(0.00, -9.81, 0.00) force=(0.00, -9.81, 0.00) fixed=False
P[364] pos=(-0.16, 5.75, 2.71) vel=(0.00, 0.00, 0.00) gravity=(0.00, -9.81, 0.00) force=(0.00, -9.81, 0.00) fixed=False
P[365] pos=(-0.16, 8.25, 2.71) vel=(0.00, 0.00, 0.00) gravity=(0.00, -9.81, 0.00) force=(0.00, -9.81, 0.00) fixed=False
P[366] pos=(0.48, 5.75, 1.02) vel=(0.00, 0.00, 0.00) gravity=(0.00, -9.81, 0.00) force=(0.00, -9.81, 0.00) fixed=False
P[367] pos=(0.48, 8.25, 1.02) vel=(0.00, 0.00, 0.00) gravity=(0.00, -9.81, 0.00) force=(0.00, -9.81, 0.00) fixed=False
P[368] pos=(2.24, 5.75, -2.85) vel=(0.00, 0.00, 0.00) gravity=(0.00, -9.81, 0.00) force=(0.00, -9.81, 0.00) fixed=False
P[369] pos=(2.24, 8.25, -2.85) vel=(0.00, 0.00, 0.00) gravity=(0.00, -9.81, 0.00) force=(0.00, -9.81, 0.00) fixed=False
P[370] pos=(-2.77, 5.75, -3.49) vel=(0.00, 0.00, 0.00) gravity=(0.00, -9.81, 0.00) force=(0.00, -9.81, 0.00) fixed=False
P[371] pos=(-2.77, 8.25, -3.49) vel=(0.00, 0.00, 0.00) gravity=(0.00, -9.81, 0.00) force=(0.00, -9.81, 0.00) fixed=False
P[372] pos=(-0.79, 8.25, 0.01) vel=(0.00, 0.00, 0.00) gravity=(0.00, -9.81, 0.00) force=(0.00, -9.81, 0.00) fixed=False
P[373] pos=(-0.79, 5.75, 0.01) vel=(0.00, 0.00, 0.00) gravity=(0.00, -9.81, 0.00) force=(0.00, -9.81, 0.00) fixed=False
P[374] pos=(-1.57, 8.25, -3.94) vel=(0.00, 0.00, 0.00) gravity=(0.00, -9.81, 0.00) force=(0.00, -9.81, 0.00) fixed=False
P[375] pos=(-1.57, 5.75, -3.94) vel=(0.00, 0.00, 0.00) gravity=(0.00, -9.81, 0.00) force=(0.00, -9.81, 0.00) fixed=False
P[376] pos=(2.01, 8.25, 2.61) vel=(0.00, 0.00, 0.00) gravity=(0.00, -9.81, 0.00) force=(0.00, -9.81, 0.00) fixed=False
P[377] pos=(2.01, 5.75, 2.61) vel=(0.00, 0.00, 0.00) gravity=(0.00, -9.81, 0.00) force=(0.00, -9.81, 0.00) fixed=False
P[378] pos=(1.55, 5.75, -0.93) vel=(0.00, 0.00, 0.00) gravity=(0.00, -9.81, 0.00) force=(0.00, -9.81, 0.00) fixed=False
P[379] pos=(1.55, 8.25, -0.93) vel=(0.00, 0.00, 0.00) gravity=(0.00, -9.81, 0.00) force=(0.00, -9.81, 0.00) fixed=False
P[380] pos=(2.67, 8.25, 0.96) vel=(0.00, 0.00, 0.00) gravity=(0.00, -9.81, 0.00) force=(0.00, -9.81, 0.00) fixed=False
P[381] pos=(2.67, 5.75, 0.96) vel=(0.00, 0.00, 0.00) gravity=(0.00, -9.81, 0.00) force=(0.00, -9.81, 0.00) fixed=False
P[382] pos=(2.57, 8.25, 0.02) vel=(0.00, 0.00, 0.00) gravity=(0.00, -9.81, 0.00) force=(0.00, -9.81, 0.00) fixed=False
P[383] pos=(2.57, 5.75, 0.02) vel=(0.00, 0.00, 0.00) gravity=(0.00, -9.81, 0.00) force=(0.00, -9.81, 0.00) fixed=False
P[384] pos=(2.31, 8.25, 3.79) vel=(0.00, 0.00, 0.00) gravity=(0.00, -9.81, 0.00) force=(0.00, -9.81, 0.00) fixed=False
P[385] pos=(2.31, 5.75, 3.79) vel=(0.00, 0.00, 0.00) gravity=(0.00, -9.81, 0.00) force=(0.00, -9.81, 0.00) fixed=False
P[386] pos=(4.62, 5.75, -0.31) vel=(0.00, 0.00, 0.00) gravity=(0.00, -9.81, 0.00) force=(0.00, -9.81, 0.00) fixed=False
P[387] pos=(4.37, 5.75, 0.31) vel=(0.00, 0.00, 0.00) gravity=(0.00, -9.81, 0.00) force=(0.00, -9.81, 0.00) fixed=False
P[388] pos=(4.37, 8.25, 0.31) vel=(0.00, 0.00, 0.00) gravity=(0.00, -9.81, 0.00) force=(0.00, -9.81, 0.00) fixed=False
P[389] pos=(4.43, 5.75, -0.94) vel=(0.00, 0.00, 0.00) gravity=(0.00, -9.81, 0.00) force=(0.00, -9.81, 0.00) fixed=False
P[390] pos=(4.43, 8.25, -0.94) vel=(0.00, 0.00, 0.00) gravity=(0.00, -9.81, 0.00) force=(0.00, -9.81, 0.00) fixed=False
P[391] pos=(3.62, 5.75, 0.25) vel=(0.00, 0.00, 0.00) gravity=(0.00, -9.81, 0.00) force=(0.00, -9.81, 0.00) fixed=False
P[392] pos=(3.62, 8.25, 0.25) vel=(0.00, 0.00, 0.00) gravity=(0.00, -9.81, 0.00) force=(0.00, -9.81, 0.00) fixed=False
P[393] pos=(-1.96, 8.25, 3.93) vel=(0.00, 0.00, 0.00) gravity=(0.00, -9.81, 0.00) force=(0.00, -9.81, 0.00) fixed=False
P[394] pos=(1.12, 5.75, 1.57) vel=(0.00, 0.00, 0.00) gravity=(0.00, -9.81, 0.00) force=(0.00, -9.81, 0.00) fixed=False
P[395] pos=(1.12, 8.25, 1.57) vel=(0.00, 0.00, 0.00) gravity=(0.00, -9.81, 0.00) force=(0.00, -9.81, 0.00) fixed=False
P[396] pos=(1.30, 5.75, 2.85) vel=(0.00, 0.00, 0.00) gravity=(0.00, -9.81, 0.00) force=(0.00, -9.81, 0.00) fixed=False
P[397] pos=(1.30, 8.25, 2.85) vel=(0.00, 0.00, 0.00) gravity=(0.00, -9.81, 0.00) force=(0.00, -9.81, 0.00) fixed=False
P[398] pos=(3.80, 5.75, -0.94) vel=(0.00, 0.00, 0.00) gravity=(0.00, -9.81, 0.00) force=(0.00, -9.81, 0.00) fixed=False
P[399] pos=(3.80, 8.25, -0.94) vel=(0.00, 0.00, 0.00) gravity=(0.00, -9.81, 0.00) force=(0.00, -9.81, 0.00) fixed=False
P[400] pos=(3.18, 5.75, -1.37) vel=(0.00, 0.00, 0.00) gravity=(0.00, -9.81, 0.00) force=(0.00, -9.81, 0.00) fixed=False
P[401] pos=(3.18, 8.25, -1.37) vel=(0.00, 0.00, 0.00) gravity=(0.00, -9.81, 0.00) force=(0.00, -9.81, 0.00) fixed=False
P[402] pos=(2.42, 8.25, -0.93) vel=(0.00, 0.00, 0.00) gravity=(0.00, -9.81, 0.00) force=(0.00, -9.81, 0.00) fixed=False
P[403] pos=(2.42, 5.75, -0.93) vel=(0.00, 0.00, 0.00) gravity=(0.00, -9.81, 0.00) force=(0.00, -9.81, 0.00) fixed=False
P[404] pos=(-3.68, 8.25, 2.07) vel=(0.00, 0.00, 0.00) gravity=(0.00, -9.81, 0.00) force=(0.00, -9.81, 0.00) fixed=False
P[405] pos=(-3.68, 5.75, 2.07) vel=(0.00, 0.00, 0.00) gravity=(0.00, -9.81, 0.00) force=(0.00, -9.81, 0.00) fixed=False
P[406] pos=(2.57, 5.75, 2.02) vel=(0.00, 0.00, 0.00) gravity=(0.00, -9.81, 0.00) force=(0.00, -9.81, 0.00) fixed=False
P[407] pos=(2.57, 8.25, 2.02) vel=(0.00, 0.00, 0.00) gravity=(0.00, -9.81, 0.00) force=(0.00, -9.81, 0.00) fixed=False
P[408] pos=(-2.60, 5.75, 2.20) vel=(0.00, 0.00, 0.00) gravity=(0.00, -9.81, 0.00) force=(0.00, -9.81, 0.00) fixed=False
P[409] pos=(-2.60, 8.25, 2.20) vel=(0.00, 0.00, 0.00) gravity=(0.00, -9.81, 0.00) force=(0.00, -9.81, 0.00) fixed=False
P[410] pos=(-0.47, 8.25, -0.56) vel=(0.00, 0.00, 0.00) gravity=(0.00, -9.81, 0.00) force=(0.00, -9.81, 0.00) fixed=False
P[411] pos=(-0.68, 8.25, -1.20) vel=(0.00, 0.00, 0.00) gravity=(0.00, -9.81, 0.00) force=(0.00, -9.81, 0.00) fixed=False
P[412] pos=(-0.68, 5.75, -1.20) vel=(0.00, 0.00, 0.00) gravity=(0.00, -9.81, 0.00) force=(0.00, -9.81, 0.00) fixed=False
P[413] pos=(-0.79, 5.75, -2.20) vel=(0.00, 0.00, 0.00) gravity=(0.00, -9.81, 0.00) force=(0.00, -9.81, 0.00) fixed=False
P[414] pos=(-0.79, 8.25, -2.20) vel=(0.00, 0.00, 0.00) gravity=(0.00, -9.81, 0.00) force=(0.00, -9.81, 0.00) fixed=False
P[415] pos=(-1.57, 8.25, -1.25) vel=(0.00, 0.00, 0.00) gravity=(0.00, -9.81, 0.00) force=(0.00, -9.81, 0.00) fixed=False
P[416] pos=(-1.57, 5.75, -1.25) vel=(0.00, 0.00, 0.00) gravity=(0.00, -9.81, 0.00) force=(0.00, -9.81, 0.00) fixed=False
P[417] pos=(-1.29, 8.25, -1.82) vel=(0.00, 0.00, 0.00) gravity=(0.00, -9.81, 0.00) force=(0.00, -9.81, 0.00) fixed=False
P[418] pos=(-1.29, 5.75, -1.82) vel=(0.00, 0.00, 0.00) gravity=(0.00, -9.81, 0.00) force=(0.00, -9.81, 0.00) fixed=False
P[419] pos=(2.64, 8.25, -3.39) vel=(0.00, 0.00, 0.00) gravity=(0.00, -9.81, 0.00) force=(0.00, -9.81, 0.00) fixed=False
P[420] pos=(2.64, 5.75, -3.39) vel=(0.00, 0.00, 0.00) gravity=(0.00, -9.81, 0.00) force=(0.00, -9.81, 0.00) fixed=False
P[421] pos=(-2.84, 8.25, -3.00) vel=(0.00, 0.00, 0.00) gravity=(0.00, -9.81, 0.00) force=(0.00, -9.81, 0.00) fixed=False
P[422] pos=(3.11, 8.25, 2.09) vel=(0.00, 0.00, 0.00) gravity=(0.00, -9.81, 0.00) force=(0.00, -9.81, 0.00) fixed=False
P[423] pos=(3.11, 5.75, 2.09) vel=(0.00, 0.00, 0.00) gravity=(0.00, -9.81, 0.00) force=(0.00, -9.81, 0.00) fixed=False
P[424] pos=(3.37, 5.75, 2.70) vel=(0.00, 0.00, 0.00) gravity=(0.00, -9.81, 0.00) force=(0.00, -9.81, 0.00) fixed=False
P[425] pos=(3.37, 8.25, 2.70) vel=(0.00, 0.00, 0.00) gravity=(0.00, -9.81, 0.00) force=(0.00, -9.81, 0.00) fixed=False
P[426] pos=(-1.63, 5.75, -0.30) vel=(0.00, 0.00, 0.00) gravity=(0.00, -9.81, 0.00) force=(0.00, -9.81, 0.00) fixed=False
P[427] pos=(-1.63, 8.25, -0.30) vel=(0.00, 0.00, 0.00) gravity=(0.00, -9.81, 0.00) force=(0.00, -9.81, 0.00) fixed=False
P[428] pos=(-1.39, 8.25, -2.65) vel=(0.00, 0.00, 0.00) gravity=(0.00, -9.81, 0.00) force=(0.00, -9.81, 0.00) fixed=False
P[429] pos=(-1.39, 5.75, -2.65) vel=(0.00, 0.00, 0.00) gravity=(0.00, -9.81, 0.00) force=(0.00, -9.81, 0.00) fixed=False
P[430] pos=(-0.16, 5.75, 3.91) vel=(0.00, 0.00, 0.00) gravity=(0.00, -9.81, 0.00) force=(0.00, -9.81, 0.00) fixed=False
P[431] pos=(-1.53, 5.75, -3.29) vel=(0.00, 0.00, 0.00) gravity=(0.00, -9.81, 0.00) force=(0.00, -9.81, 0.00) fixed=False
P[432] pos=(-1.53, 8.25, -3.29) vel=(0.00, 0.00, 0.00) gravity=(0.00, -9.81, 0.00) force=(0.00, -9.81, 0.00) fixed=False
P[433] pos=(-3.75, 5.75, -1.91) vel=(0.00, 0.00, 0.00) gravity=(0.00, -9.81, 0.00) force=(0.00, -9.81, 0.00) fixed=False
P[434] pos=(-3.75, 8.25, -1.91) vel=(0.00, 0.00, 0.00) gravity=(0.00, -9.81, 0.00) force=(0.00, -9.81, 0.00) fixed=False
P[435] pos=(4.45, 5.75, 4.45) vel=(0.00, 0.00, 0.00) gravity=(0.00, -9.81, 0.00) force=(0.00, -9.81, 0.00) fixed=False
P[436] pos=(4.45, 8.25, 4.45) vel=(0.00, 0.00, 0.00) gravity=(0.00, -9.81, 0.00) force=(0.00, -9.81, 0.00) fixed=False
P[437] pos=(2.15, 5.75, -3.76) vel=(0.00, 0.00, 0.00) gravity=(0.00, -9.81, 0.00) force=(0.00, -9.81, 0.00) fixed=False
P[438] pos=(2.15, 8.25, -3.76) vel=(0.00, 0.00, 0.00) gravity=(0.00, -9.81, 0.00) force=(0.00, -9.81, 0.00) fixed=False
P[439] pos=(2.73, 5.75, -0.49) vel=(0.00, 0.00, 0.00) gravity=(0.00, -9.81, 0.00) force=(0.00, -9.81, 0.00) fixed=False
P[440] pos=(2.73, 8.25, -0.49) vel=(0.00, 0.00, 0.00) gravity=(0.00, -9.81, 0.00) force=(0.00, -9.81, 0.00) fixed=False
P[441] pos=(2.14, 5.75, -0.40) vel=(0.00, 0.00, 0.00) gravity=(0.00, -9.81, 0.00) force=(0.00, -9.81, 0.00) fixed=False
P[442] pos=(2.14, 8.25, -0.40) vel=(0.00, 0.00, 0.00) gravity=(0.00, -9.81, 0.00) force=(0.00, -9.81, 0.00) fixed=False
P[443] pos=(3.61, 5.75, -0.26) vel=(0.00, 0.00, 0.00) gravity=(0.00, -9.81, 0.00) force=(0.00, -9.81, 0.00) fixed=False
P[444] pos=(3.61, 8.25, -0.26) vel=(0.00, 0.00, 0.00) gravity=(0.00, -9.81, 0.00) force=(0.00, -9.81, 0.00) fixed=False
P[445] pos=(-1.38, 5.75, -4.46) vel=(0.00, 0.00, 0.00) gravity=(0.00, -9.81, 0.00) force=(0.00, -9.81, 0.00) fixed=False
P[446] pos=(-1.38, 8.25, -4.46) vel=(0.00, 0.00, 0.00) gravity=(0.00, -9.81, 0.00) force=(0.00, -9.81, 0.00) fixed=False
P[447] pos=(0.69, 5.75, -3.77) vel=(0.00, 0.00, 0.00) gravity=(0.00, -9.81, 0.00) force=(0.00, -9.81, 0.00) fixed=False
P[448] pos=(0.69, 8.25, -3.77) vel=(0.00, 0.00, 0.00) gravity=(0.00, -9.81, 0.00) force=(0.00, -9.81, 0.00) fixed=False
P[449] pos=(1.18, 5.75, -3.44) vel=(0.00, 0.00, 0.00) gravity=(0.00, -9.81, 0.00) force=(0.00, -9.81, 0.00) fixed=False
P[450] pos=(1.18, 8.25, -3.44) vel=(0.00, 0.00, 0.00) gravity=(0.00, -9.81, 0.00) force=(0.00, -9.81, 0.00) fixed=False
P[451] pos=(1.20, 5.75, -2.51) vel=(0.00, 0.00, 0.00) gravity=(0.00, -9.81, 0.00) force=(0.00, -9.81, 0.00) fixed=False
P[452] pos=(1.20, 8.25, -2.51) vel=(0.00, 0.00, 0.00) gravity=(0.00, -9.81, 0.00) force=(0.00, -9.81, 0.00) fixed=False
P[453] pos=(0.14, 5.75, -3.57) vel=(0.00, 0.00, 0.00) gravity=(0.00, -9.81, 0.00) force=(0.00, -9.81, 0.00) fixed=False
P[454] pos=(0.14, 8.25, -3.57) vel=(0.00, 0.00, 0.00) gravity=(0.00, -9.81, 0.00) force=(0.00, -9.81, 0.00) fixed=False
P[455] pos=(-0.07, 8.25, -2.72) vel=(0.00, 0.00, 0.00) gravity=(0.00, -9.81, 0.00) force=(0.00, -9.81, 0.00) fixed=False
P[456] pos=(-0.07, 5.75, -2.72) vel=(0.00, 0.00, 0.00) gravity=(0.00, -9.81, 0.00) force=(0.00, -9.81, 0.00) fixed=False
P[457] pos=(-3.84, 8.25, -3.23) vel=(0.00, 0.00, 0.00) gravity=(0.00, -9.81, 0.00) force=(0.00, -9.81, 0.00) fixed=False
P[458] pos=(-3.84, 5.75, -3.23) vel=(0.00, 0.00, 0.00) gravity=(0.00, -9.81, 0.00) force=(0.00, -9.81, 0.00) fixed=False
P[459] pos=(2.48, 5.75, 0.51) vel=(0.00, 0.00, 0.00) gravity=(0.00, -9.81, 0.00) force=(0.00, -9.81, 0.00) fixed=False
P[460] pos=(2.04, 5.75, 0.17) vel=(0.00, 0.00, 0.00) gravity=(0.00, -9.81, 0.00) force=(0.00, -9.81, 0.00) fixed=False
P[461] pos=(2.04, 8.25, 0.17) vel=(0.00, 0.00, 0.00) gravity=(0.00, -9.81, 0.00) force=(0.00, -9.81, 0.00) fixed=False
P[462] pos=(2.81, 8.25, -4.57) vel=(0.00, 0.00, 0.00) gravity=(0.00, -9.81, 0.00) force=(0.00, -9.81, 0.00) fixed=False
P[463] pos=(2.81, 5.75, -4.57) vel=(0.00, 0.00, 0.00) gravity=(0.00, -9.81, 0.00) force=(0.00, -9.81, 0.00) fixed=False
P[464] pos=(2.83, 5.75, -2.68) vel=(0.00, 0.00, 0.00) gravity=(0.00, -9.81, 0.00) force=(0.00, -9.81, 0.00) fixed=False
P[465] pos=(2.83, 8.25, -2.68) vel=(0.00, 0.00, 0.00) gravity=(0.00, -9.81, 0.00) force=(0.00, -9.81, 0.00) fixed=False
P[466] pos=(1.53, 5.75, 0.71) vel=(0.00, 0.00, 0.00) gravity=(0.00, -9.81, 0.00) force=(0.00, -9.81, 0.00) fixed=False
P[467] pos=(1.53, 8.25, 0.71) vel=(0.00, 0.00, 0.00) gravity=(0.00, -9.81, 0.00) force=(0.00, -9.81, 0.00) fixed=False
P[468] pos=(-2.89, 5.75, -1.04) vel=(0.00, 0.00, 0.00) gravity=(0.00, -9.81, 0.00) force=(0.00, -9.81, 0.00) fixed=False
P[469] pos=(-2.89, 8.25, -1.04) vel=(0.00, 0.00, 0.00) gravity=(0.00, -9.81, 0.00) force=(0.00, -9.81, 0.00) fixed=False
P[470] pos=(-2.94, 8.25, -0.23) vel=(0.00, 0.00, 0.00) gravity=(0.00, -9.81, 0.00) force=(0.00, -9.81, 0.00) fixed=False
P[471] pos=(-2.94, 5.75, -0.23) vel=(0.00, 0.00, 0.00) gravity=(0.00, -9.81, 0.00) force=(0.00, -9.81, 0.00) fixed=False
P[472] pos=(-2.28, 8.25, -1.46) vel=(0.00, 0.00, 0.00) gravity=(0.00, -9.81, 0.00) force=(0.00, -9.81, 0.00) fixed=False
P[473] pos=(-2.28, 5.75, -1.46) vel=(0.00, 0.00, 0.00) gravity=(0.00, -9.81, 0.00) force=(0.00, -9.81, 0.00) fixed=False
P[474] pos=(-3.29, 8.25, 1.15) vel=(0.00, 0.00, 0.00) gravity=(0.00, -9.81, 0.00) force=(0.00, -9.81, 0.00) fixed=False
P[475] pos=(-3.29, 5.75, 1.15) vel=(0.00, 0.00, 0.00) gravity=(0.00, -9.81, 0.00) force=(0.00, -9.81, 0.00) fixed=False
P[476] pos=(-0.91, 5.75, 2.00) vel=(0.00, 0.00, 0.00) gravity=(0.00, -9.81, 0.00) force=(0.00, -9.81, 0.00) fixed=False
P[477] pos=(-0.91, 8.25, 2.00) vel=(0.00, 0.00, 0.00) gravity=(0.00, -9.81, 0.00) force=(0.00, -9.81, 0.00) fixed=False
P[478] pos=(3.96, 5.75, 4.55) vel=(0.00, 0.00, 0.00) gravity=(0.00, -9.81, 0.00) force=(0.00, -9.81, 0.00) fixed=False
P[479] pos=(4.58, 8.25, -4.06) vel=(0.00, 0.00, 0.00) gravity=(0.00, -9.81, 0.00) force=(0.00, -9.81, 0.00) fixed=False
P[480] pos=(4.58, 5.75, -4.06) vel=(0.00, 0.00, 0.00) gravity=(0.00, -9.81, 0.00) force=(0.00, -9.81, 0.00) fixed=False
P[481] pos=(4.32, 5.75, -3.45) vel=(0.00, 0.00, 0.00) gravity=(0.00, -9.81, 0.00) force=(0.00, -9.81, 0.00) fixed=False
P[482] pos=(4.32, 8.25, -3.45) vel=(0.00, 0.00, 0.00) gravity=(0.00, -9.81, 0.00) force=(0.00, -9.81, 0.00) fixed=False
P[483] pos=(-1.44, 8.25, -0.77) vel=(0.00, 0.00, 0.00) gravity=(0.00, -9.81, 0.00) force=(0.00, -9.81, 0.00) fixed=False
P[484] pos=(0.87, 8.25, -1.61) vel=(0.00, 0.00, 0.00) gravity=(0.00, -9.81, 0.00) force=(0.00, -9.81, 0.00) fixed=False
P[485] pos=(0.87, 5.75, -1.61) vel=(0.00, 0.00, 0.00) gravity=(0.00, -9.81, 0.00) force=(0.00, -9.81, 0.00) fixed=False
P[486] pos=(0.55, 5.75, 2.40) vel=(0.00, 0.00, 0.00) gravity=(0.00, -9.81, 0.00) force=(0.00, -9.81, 0.00) fixed=False
P[487] pos=(0.55, 8.25, 2.40) vel=(0.00, 0.00, 0.00) gravity=(0.00, -9.81, 0.00) force=(0.00, -9.81, 0.00) fixed=False
P[488] pos=(0.06, 5.75, 1.60) vel=(0.00, 0.00, 0.00) gravity=(0.00, -9.81, 0.00) force=(0.00, -9.81, 0.00) fixed=False
P[489] pos=(-0.49, 5.75, 1.44) vel=(0.00, 0.00, 0.00) gravity=(0.00, -9.81, 0.00) force=(0.00, -9.81, 0.00) fixed=False
P[490] pos=(-0.49, 8.25, 1.44) vel=(0.00, 0.00, 0.00) gravity=(0.00, -9.81, 0.00) force=(0.00, -9.81, 0.00) fixed=False
P[491] pos=(-2.26, 5.75, 0.70) vel=(0.00, 0.00, 0.00) gravity=(0.00, -9.81, 0.00) force=(0.00, -9.81, 0.00) fixed=False
P[492] pos=(-2.26, 8.25, 0.70) vel=(0.00, 0.00, 0.00) gravity=(0.00, -9.81, 0.00) force=(0.00, -9.81, 0.00) fixed=False
P[493] pos=(-2.30, 5.75, 0.02) vel=(0.00, 0.00, 0.00) gravity=(0.00, -9.81, 0.00) force=(0.00, -9.81, 0.00) fixed=False
P[494] pos=(-2.30, 8.25, 0.02) vel=(0.00, 0.00, 0.00) gravity=(0.00, -9.81, 0.00) force=(0.00, -9.81, 0.00) fixed=False
P[495] pos=(0.98, 5.75, -1.04) vel=(0.00, 0.00, 0.00) gravity=(0.00, -9.81, 0.00) force=(0.00, -9.81, 0.00) fixed=False
P[496] pos=(0.98, 8.25, -1.04) vel=(0.00, 0.00, 0.00) gravity=(0.00, -9.81, 0.00) force=(0.00, -9.81, 0.00) fixed=False
P[497] pos=(-2.09, 5.75, -2.92) vel=(0.00, 0.00, 0.00) gravity=(0.00, -9.81, 0.00) force=(0.00, -9.81, 0.00) fixed=False
P[498] pos=(-2.09, 8.25, -2.92) vel=(0.00, 0.00, 0.00) gravity=(0.00, -9.81, 0.00) force=(0.00, -9.81, 0.00) fixed=False
P[499] pos=(-1.00, 8.25, 1.10) vel=(0.00, 0.00, 0.00) gravity=(0.00, -9.81, 0.00) force=(0.00, -9.81, 0.00) fixed=False
P[500] pos=(-1.00, 5.75, 1.10) vel=(0.00, 0.00, 0.00) gravity=(0.00, -9.81, 0.00) force=(0.00, -9.81, 0.00) fixed=False
P[501] pos=(-2.44, 5.75, -2.01) vel=(0.00, 0.00, 0.00) gravity=(0.00, -9.81, 0.00) force=(0.00, -9.81, 0.00) fixed=False
P[502] pos=(-2.44, 8.25, -2.01) vel=(0.00, 0.00, 0.00) gravity=(0.00, -9.81, 0.00) force=(0.00, -9.81, 0.00) fixed=False
P[503] pos=(1.32, 5.75, -1.96) vel=(0.00, 0.00, 0.00) gravity=(0.00, -9.81, 0.00) force=(0.00, -9.81, 0.00) fixed=False
P[504] pos=(1.32, 8.25, -1.96) vel=(0.00, 0.00, 0.00) gravity=(0.00, -9.81, 0.00) force=(0.00, -9.81, 0.00) fixed=False
P[505] pos=(-1.37, 8.25, 2.37) vel=(0.00, 0.00, 0.00) gravity=(0.00, -9.81, 0.00) force=(0.00, -9.81, 0.00) fixed=False
P[506] pos=(-1.37, 5.75, 2.37) vel=(0.00, 0.00, 0.00) gravity=(0.00, -9.81, 0.00) force=(0.00, -9.81, 0.00) fixed=False
P[507] pos=(0.41, 8.25, -1.18) vel=(0.00, 0.00, 0.00) gravity=(0.00, -9.81, 0.00) force=(0.00, -9.81, 0.00) fixed=False
P[508] pos=(0.41, 5.75, -1.18) vel=(0.00, 0.00, 0.00) gravity=(0.00, -9.81, 0.00) force=(0.00, -9.81, 0.00) fixed=False
P[509] pos=(3.37, 5.75, -3.75) vel=(0.00, 0.00, 0.00) gravity=(0.00, -9.81, 0.00) force=(0.00, -9.81, 0.00) fixed=False
P[510] pos=(3.37, 8.25, -3.75) vel=(0.00, 0.00, 0.00) gravity=(0.00, -9.81, 0.00) force=(0.00, -9.81, 0.00) fixed=False
P[511] pos=(-0.31, 8.25, -4.02) vel=(0.00, 0.00, 0.00) gravity=(0.00, -9.81, 0.00) force=(0.00, -9.81, 0.00) fixed=False
P[512] pos=(-0.31, 5.75, -4.02) vel=(0.00, 0.00, 0.00) gravity=(0.00, -9.81, 0.00) force=(0.00, -9.81, 0.00) fixed=False
P[513] pos=(2.36, 8.25, -2.25) vel=(0.00, 0.00, 0.00) gravity=(0.00, -9.81, 0.00) force=(0.00, -9.81, 0.00) fixed=False
P[514] pos=(2.36, 5.75, -2.25) vel=(0.00, 0.00, 0.00) gravity=(0.00, -9.81, 0.00) force=(0.00, -9.81, 0.00) fixed=False
P[515] pos=(-4.51, 5.75, 0.94) vel=(0.00, 0.00, 0.00) gravity=(0.00, -9.81, 0.00) force=(0.00, -9.81, 0.00) fixed=False
P[516] pos=(-4.51, 8.25, 0.94) vel=(0.00, 0.00, 0.00) gravity=(0.00, -9.81, 0.00) force=(0.00, -9.81, 0.00) fixed=False
P[517] pos=(-3.75, 5.75, 1.49) vel=(0.00, 0.00, 0.00) gravity=(0.00, -9.81, 0.00) force=(0.00, -9.81, 0.00) fixed=False
P[518] pos=(-3.75, 8.25, 1.49) vel=(0.00, 0.00, 0.00) gravity=(0.00, -9.81, 0.00) force=(0.00, -9.81, 0.00) fixed=False
P[519] pos=(-0.31, 5.75, -4.56) vel=(0.00, 0.00, 0.00) gravity=(0.00, -9.81, 0.00) force=(0.00, -9.81, 0.00) fixed=False
P[520] pos=(-0.31, 8.25, -4.56) vel=(0.00, 0.00, 0.00) gravity=(0.00, -9.81, 0.00) force=(0.00, -9.81, 0.00) fixed=False
P[521] pos=(-3.52, 8.25, 0.36) vel=(0.00, 0.00, 0.00) gravity=(0.00, -9.81, 0.00) force=(0.00, -9.81, 0.00) fixed=False
P[522] pos=(-3.52, 5.75, 0.36) vel=(0.00, 0.00, 0.00) gravity=(0.00, -9.81, 0.00) force=(0.00, -9.81, 0.00) fixed=False
P[523] pos=(-2.78, 5.75, -1.53) vel=(0.00, 0.00, 0.00) gravity=(0.00, -9.81, 0.00) force=(0.00, -9.81, 0.00) fixed=False
P[524] pos=(-2.78, 8.25, -1.53) vel=(0.00, 0.00, 0.00) gravity=(0.00, -9.81, 0.00) force=(0.00, -9.81, 0.00) fixed=False
P[525] pos=(0.59, 5.75, 3.66) vel=(0.00, 0.00, 0.00) gravity=(0.00, -9.81, 0.00) force=(0.00, -9.81, 0.00) fixed=False
P[526] pos=(0.59, 8.25, 3.66) vel=(0.00, 0.00, 0.00) gravity=(0.00, -9.81, 0.00) force=(0.00, -9.81, 0.00) fixed=False
P[527] pos=(-3.27, 8.25, 3.27) vel=(0.00, 0.00, 0.00) gravity=(0.00, -9.81, 0.00) force=(0.00, -9.81, 0.00) fixed=False
P[528] pos=(-3.27, 5.75, 3.27) vel=(0.00, 0.00, 0.00) gravity=(0.00, -9.81, 0.00) force=(0.00, -9.81, 0.00) fixed=False
P[529] pos=(0.50, 5.75, -2.25) vel=(0.00, 0.00, 0.00) gravity=(0.00, -9.81, 0.00) force=(0.00, -9.81, 0.00) fixed=False
P[530] pos=(0.50, 8.25, -2.25) vel=(0.00, 0.00, 0.00) gravity=(0.00, -9.81, 0.00) force=(0.00, -9.81, 0.00) fixed=False
P[531] pos=(1.62, 8.25, -0.42) vel=(0.00, 0.00, 0.00) gravity=(0.00, -9.81, 0.00) force=(0.00, -9.81, 0.00) fixed=False
P[532] pos=(1.62, 5.75, -0.42) vel=(0.00, 0.00, 0.00) gravity=(0.00, -9.81, 0.00) force=(0.00, -9.81, 0.00) fixed=False
P[533] pos=(-2.86, 5.75, 4.48) vel=(0.00, 0.00, 0.00) gravity=(0.00, -9.81, 0.00) force=(0.00, -9.81, 0.00) fixed=False
P[534] pos=(-2.86, 8.25, 4.48) vel=(0.00, 0.00, 0.00) gravity=(0.00, -9.81, 0.00) force=(0.00, -9.81, 0.00) fixed=False
P[535] pos=(-3.04, 5.75, -2.17) vel=(0.00, 0.00, 0.00) gravity=(0.00, -9.81, 0.00) force=(0.00, -9.81, 0.00) fixed=False
P[536] pos=(-3.04, 8.25, -2.17) vel=(0.00, 0.00, 0.00) gravity=(0.00, -9.81, 0.00) force=(0.00, -9.81, 0.00) fixed=False
P[537] pos=(-1.19, 5.75, 0.57) vel=(0.00, 0.00, 0.00) gravity=(0.00, -9.81, 0.00) force=(0.00, -9.81, 0.00) fixed=False
P[538] pos=(-1.19, 8.25, 0.57) vel=(0.00, 0.00, 0.00) gravity=(0.00, -9.81, 0.00) force=(0.00, -9.81, 0.00) fixed=False
P[539] pos=(1.78, 8.25, -3.27) vel=(0.00, 0.00, 0.00) gravity=(0.00, -9.81, 0.00) force=(0.00, -9.81, 0.00) fixed=False
P[540] pos=(1.78, 5.75, -3.27) vel=(0.00, 0.00, 0.00) gravity=(0.00, -9.81, 0.00) force=(0.00, -9.81, 0.00) fixed=False
P[541] pos=(-2.83, 8.25, 1.40) vel=(0.00, 0.00, 0.00) gravity=(0.00, -9.81, 0.00) force=(0.00, -9.81, 0.00) fixed=False
P[542] pos=(-2.83, 5.75, 1.40) vel=(0.00, 0.00, 0.00) gravity=(0.00, -9.81, 0.00) force=(0.00, -9.81, 0.00) fixed=False
P[543] pos=(1.37, 8.25, -2.98) vel=(0.00, 0.00, 0.00) gravity=(0.00, -9.81, 0.00) force=(0.00, -9.81, 0.00) fixed=False
P[544] pos=(3.05, 8.25, 0.33) vel=(0.00, 0.00, 0.00) gravity=(0.00, -9.81, 0.00) force=(0.00, -9.81, 0.00) fixed=False
P[545] pos=(3.05, 5.75, 0.33) vel=(0.00, 0.00, 0.00) gravity=(0.00, -9.81, 0.00) force=(0.00, -9.81, 0.00) fixed=False
P[546] pos=(-0.17, 5.75, -2.10) vel=(0.00, 0.00, 0.00) gravity=(0.00, -9.81, 0.00) force=(0.00, -9.81, 0.00) fixed=False
P[547] pos=(-0.17, 8.25, -2.10) vel=(0.00, 0.00, 0.00) gravity=(0.00, -9.81, 0.00) force=(0.00, -9.81, 0.00) fixed=False
P[548] pos=(-4.32, 5.75, -4.50) vel=(0.00, 0.00, 0.00) gravity=(0.00, -9.81, 0.00) force=(0.00, -9.81, 0.00) fixed=False
P[549] pos=(-4.32, 8.25, -4.50) vel=(0.00, 0.00, 0.00) gravity=(0.00, -9.81, 0.00) force=(0.00, -9.81, 0.00) fixed=False
P[550] pos=(0.72, 8.25, -2.73) vel=(0.00, 0.00, 0.00) gravity=(0.00, -9.81, 0.00) force=(0.00, -9.81, 0.00) fixed=False
P[551] pos=(0.72, 5.75, -2.73) vel=(0.00, 0.00, 0.00) gravity=(0.00, -9.81, 0.00) force=(0.00, -9.81, 0.00) fixed=False
P[552] pos=(1.79, 8.25, -2.46) vel=(0.00, 0.00, 0.00) gravity=(0.00, -9.81, 0.00) force=(0.00, -9.81, 0.00) fixed=False
P[553] pos=(1.79, 5.75, -2.46) vel=(0.00, 0.00, 0.00) gravity=(0.00, -9.81, 0.00) force=(0.00, -9.81, 0.00) fixed=False
P[554] pos=(2.50, 8.25, 3.12) vel=(0.00, 0.00, 0.00) gravity=(0.00, -9.81, 0.00) force=(0.00, -9.81, 0.00) fixed=False
P[555] pos=(2.50, 5.75, 3.12) vel=(0.00, 0.00, 0.00) gravity=(0.00, -9.81, 0.00) force=(0.00, -9.81, 0.00) fixed=False
P[556] pos=(-0.94, 5.75, 4.30) vel=(0.00, 0.00, 0.00) gravity=(0.00, -9.81, 0.00) force=(0.00, -9.81, 0.00) fixed=False
P[557] pos=(-0.94, 8.25, 4.30) vel=(0.00, 0.00, 0.00) gravity=(0.00, -9.81, 0.00) force=(0.00, -9.81, 0.00) fixed=False
P[558] pos=(1.53, 8.25, -1.46) vel=(0.00, 0.00, 0.00) gravity=(0.00, -9.81, 0.00) force=(0.00, -9.81, 0.00) fixed=False
P[559] pos=(1.53, 5.75, -1.46) vel=(0.00, 0.00, 0.00) gravity=(0.00, -9.81, 0.00) force=(0.00, -9.81, 0.00) fixed=False
P[560] pos=(-0.56, 5.75, -1.72) vel=(0.00, 0.00, 0.00) gravity=(0.00, -9.81, 0.00) force=(0.00, -9.81, 0.00) fixed=False
P[561] pos=(-0.56, 8.25, -1.72) vel=(0.00, 0.00, 0.00) gravity=(0.00, -9.81, 0.00) force=(0.00, -9.81, 0.00) fixed=False
P[562] pos=(-3.44, 8.25, -4.45) vel=(0.00, 0.00, 0.00) gravity=(0.00, -9.81, 0.00) force=(0.00, -9.81, 0.00) fixed=False
P[563] pos=(-3.44, 5.75, -4.45) vel=(0.00, 0.00, 0.00) gravity=(0.00, -9.81, 0.00) force=(0.00, -9.81, 0.00) fixed=False
P[564] pos=(4.33, 8.25, -2.13) vel=(0.00, 0.00, 0.00) gravity=(0.00, -9.81, 0.00) force=(0.00, -9.81, 0.00) fixed=False
P[565] pos=(4.33, 5.75, -2.13) vel=(0.00, 0.00, 0.00) gravity=(0.00, -9.81, 0.00) force=(0.00, -9.81, 0.00) fixed=False
P[566] pos=(2.48, 5.75, -1.59) vel=(0.00, 0.00, 0.00) gravity=(0.00, -9.81, 0.00) force=(0.00, -9.81, 0.00) fixed=False
P[567] pos=(2.48, 8.25, -1.59) vel=(0.00, 0.00, 0.00) gravity=(0.00, -9.81, 0.00) force=(0.00, -9.81, 0.00) fixed=False
P[568] pos=(-1.29, 8.25, 0.07) vel=(0.00, 0.00, 0.00) gravity=(0.00, -9.81, 0.00) force=(0.00, -9.81, 0.00) fixed=False
P[569] pos=(-1.29, 5.75, 0.07) vel=(0.00, 0.00, 0.00) gravity=(0.00, -9.81, 0.00) force=(0.00, -9.81, 0.00) fixed=False
P[570] pos=(-3.31, 5.75, -0.62) vel=(0.00, 0.00, 0.00) gravity=(0.00, -9.81, 0.00) force=(0.00, -9.81, 0.00) fixed=False
P[571] pos=(-3.31, 8.25, -0.62) vel=(0.00, 0.00, 0.00) gravity=(0.00, -9.81, 0.00) force=(0.00, -9.81, 0.00) fixed=False
P[572] pos=(1.04, 8.25, 0.42) vel=(0.00, 0.00, 0.00) gravity=(0.00, -9.81, 0.00) force=(0.00, -9.81, 0.00) fixed=False
P[573] pos=(1.04, 5.75, 0.42) vel=(0.00, 0.00, 0.00) gravity=(0.00, -9.81, 0.00) force=(0.00, -9.81, 0.00) fixed=False
P[574] pos=(2.60, 5.75, -3.00) vel=(0.00, 0.00, 0.00) gravity=(0.00, -9.81, 0.00) force=(0.00, -9.81, 0.00) fixed=False
P[575] pos=(-0.31, 5.75, -3.23) vel=(0.00, 0.00, 0.00) gravity=(0.00, -9.81, 0.00) force=(0.00, -9.81, 0.00) fixed=False
P[576] pos=(-0.31, 8.25, -3.23) vel=(0.00, 0.00, 0.00) gravity=(0.00, -9.81, 0.00) force=(0.00, -9.81, 0.00) fixed=False
P[577] pos=(-0.62, 5.75, -2.73) vel=(0.00, 0.00, 0.00) gravity=(0.00, -9.81, 0.00) force=(0.00, -9.81, 0.00) fixed=False
P[578] pos=(-0.62, 8.25, -2.73) vel=(0.00, 0.00, 0.00) gravity=(0.00, -9.81, 0.00) force=(0.00, -9.81, 0.00) fixed=False
P[579] pos=(4.49, 5.75, -1.56) vel=(0.00, 0.00, 0.00) gravity=(0.00, -9.81, 0.00) force=(0.00, -9.81, 0.00) fixed=False
P[580] pos=(4.49, 8.25, -1.56) vel=(0.00, 0.00, 0.00) gravity=(0.00, -9.81, 0.00) force=(0.00, -9.81, 0.00) fixed=False
P[581] pos=(-3.54, 5.75, 3.79) vel=(0.00, 0.00, 0.00) gravity=(0.00, -9.81, 0.00) force=(0.00, -9.81, 0.00) fixed=False
P[582] pos=(-3.54, 8.25, 3.79) vel=(0.00, 0.00, 0.00) gravity=(0.00, -9.81, 0.00) force=(0.00, -9.81, 0.00) fixed=False
P[583] pos=(4.62, 8.25, 0.94) vel=(0.00, 0.00, 0.00) gravity=(0.00, -9.81, 0.00) force=(0.00, -9.81, 0.00) fixed=False
P[584] pos=(0.37, 5.75, -1.75) vel=(0.00, 0.00, 0.00) gravity=(0.00, -9.81, 0.00) force=(0.00, -9.81, 0.00) fixed=False
P[585] pos=(0.37, 8.25, -1.75) vel=(0.00, 0.00, 0.00) gravity=(0.00, -9.81, 0.00) force=(0.00, -9.81, 0.00) fixed=False
P[586] pos=(3.48, 8.25, -1.92) vel=(0.00, 0.00, 0.00) gravity=(0.00, -9.81, 0.00) force=(0.00, -9.81, 0.00) fixed=False
P[587] pos=(3.48, 5.75, -1.92) vel=(0.00, 0.00, 0.00) gravity=(0.00, -9.81, 0.00) force=(0.00, -9.81, 0.00) fixed=False
P[588] pos=(1.12, 5.75, -0.54) vel=(0.00, 0.00, 0.00) gravity=(0.00, -9.81, 0.00) force=(0.00, -9.81, 0.00) fixed=False
P[589] pos=(1.12, 8.25, -0.54) vel=(0.00, 0.00, 0.00) gravity=(0.00, -9.81, 0.00) force=(0.00, -9.81, 0.00) fixed=False
P[590] pos=(3.68, 8.25, 0.74) vel=(0.00, 0.00, 0.00) gravity=(0.00, -9.81, 0.00) force=(0.00, -9.81, 0.00) fixed=False
P[591] pos=(2.04, 5.75, -1.30) vel=(0.00, 0.00, 0.00) gravity=(0.00, -9.81, 0.00) force=(0.00, -9.81, 0.00) fixed=False
P[592] pos=(2.04, 8.25, -1.30) vel=(0.00, 0.00, 0.00) gravity=(0.00, -9.81, 0.00) force=(0.00, -9.81, 0.00) fixed=False
P[593] pos=(3.79, 5.75, -3.26) vel=(0.00, 0.00, 0.00) gravity=(0.00, -9.81, 0.00) force=(0.00, -9.81, 0.00) fixed=False
P[594] pos=(3.79, 8.25, -3.26) vel=(0.00, 0.00, 0.00) gravity=(0.00, -9.81, 0.00) force=(0.00, -9.81, 0.00) fixed=False
P[595] pos=(-2.56, 8.25, 3.32) vel=(0.00, 0.00, 0.00) gravity=(0.00, -9.81, 0.00) force=(0.00, -9.81, 0.00) fixed=False
P[596] pos=(-1.14, 5.75, -3.65) vel=(0.00, 0.00, 0.00) gravity=(0.00, -9.81, 0.00) force=(0.00, -9.81, 0.00) fixed=False
P[597] pos=(-1.14, 8.25, -3.65) vel=(0.00, 0.00, 0.00) gravity=(0.00, -9.81, 0.00) force=(0.00, -9.81, 0.00) fixed=False
P[598] pos=(0.90, 8.25, -0.07) vel=(0.00, 0.00, 0.00) gravity=(0.00, -9.81, 0.00) force=(0.00, -9.81, 0.00) fixed=False
P[599] pos=(0.90, 5.75, -0.07) vel=(0.00, 0.00, 0.00) gravity=(0.00, -9.81, 0.00) force=(0.00, -9.81, 0.00) fixed=False
P[600] pos=(1.84, 5.75, -2.87) vel=(0.00, 0.00, 0.00) gravity=(0.00, -9.81, 0.00) force=(0.00, -9.81, 0.00) fixed=False
P[601] pos=(1.37, 5.75, -3.00) vel=(0.00, 0.00, 0.00) gravity=(0.00, -9.81, 0.00) force=(0.00, -9.81, 0.00) fixed=False
P[602] pos=(-0.64, 5.75, -3.64) vel=(0.00, 0.00, 0.00) gravity=(0.00, -9.81, 0.00) force=(0.00, -9.81, 0.00) fixed=False
P[603] pos=(0.31, 5.75, -4.62) vel=(0.00, 0.00, 0.00) gravity=(0.00, -9.81, 0.00) force=(0.00, -9.81, 0.00) fixed=False
P[604] pos=(-3.84, 8.25, 3.35) vel=(0.00, 0.00, 0.00) gravity=(0.00, -9.81, 0.00) force=(0.00, -9.81, 0.00) fixed=False
P[605] pos=(-3.84, 5.75, 3.35) vel=(0.00, 0.00, 0.00) gravity=(0.00, -9.81, 0.00) force=(0.00, -9.81, 0.00) fixed=False
P[606] pos=(5.00, 8.25, -2.81) vel=(0.00, 0.00, 0.00) gravity=(0.00, -9.81, 0.00) force=(0.00, -9.81, 0.00) fixed=False
P[607] pos=(4.56, 8.25, -2.66) vel=(0.00, 0.00, 0.00) gravity=(0.00, -9.81, 0.00) force=(0.00, -9.81, 0.00) fixed=False
P[608] pos=(3.77, 8.25, 2.35) vel=(0.00, 0.00, 0.00) gravity=(0.00, -9.81, 0.00) force=(0.00, -9.81, 0.00) fixed=False
P[609] pos=(3.77, 5.75, 2.35) vel=(0.00, 0.00, 0.00) gravity=(0.00, -9.81, 0.00) force=(0.00, -9.81, 0.00) fixed=False
P[610] pos=(0.97, 5.75, -3.04) vel=(0.00, 0.00, 0.00) gravity=(0.00, -9.81, 0.00) force=(0.00, -9.81, 0.00) fixed=False
P[611] pos=(2.21, 5.75, -3.29) vel=(0.00, 0.00, 0.00) gravity=(0.00, -9.81, 0.00) force=(0.00, -9.81, 0.00) fixed=False
P[612] pos=(0.82, 8.25, 1.36) vel=(0.00, 0.00, 0.00) gravity=(0.00, -9.81, 0.00) force=(0.00, -9.81, 0.00) fixed=False
P[613] pos=(5.00, 5.75, -2.81) vel=(0.00, 0.00, 0.00) gravity=(0.00, -9.81, 0.00) force=(0.00, -9.81, 0.00) fixed=False
P[614] pos=(4.56, 5.75, -2.97) vel=(0.00, 0.00, 0.00) gravity=(0.00, -9.81, 0.00) force=(0.00, -9.81, 0.00) fixed=False
P[615] pos=(4.57, 8.25, -3.09) vel=(0.00, 0.00, 0.00) gravity=(0.00, -9.81, 0.00) force=(0.00, -9.81, 0.00) fixed=False
P[616] pos=(5.00, 7.00, -2.66) vel=(0.00, 0.00, 0.00) gravity=(0.00, -9.81, 0.00) force=(0.00, -9.81, 0.00) fixed=False
P[617] pos=(5.00, 7.00, -2.97) vel=(0.00, 0.00, 0.00) gravity=(0.00, -9.81, 0.00) force=(0.00, -9.81, 0.00) fixed=False
P[618] pos=(5.00, 5.75, -3.44) vel=(0.00, 0.00, 0.00) gravity=(0.00, -9.81, 0.00) force=(0.00, -9.81, 0.00) fixed=False
P[619] pos=(5.00, 8.25, -3.44) vel=(0.00, 0.00, 0.00) gravity=(0.00, -9.81, 0.00) force=(0.00, -9.81, 0.00) fixed=False
P[620] pos=(4.66, 5.75, -3.59) vel=(0.00, 0.00, 0.00) gravity=(0.00, -9.81, 0.00) force=(0.00, -9.81, 0.00) fixed=False
P[621] pos=(4.26, 5.75, -3.12) vel=(0.00, 0.00, 0.00) gravity=(0.00, -9.81, 0.00) force=(0.00, -9.81, 0.00) fixed=False
P[622] pos=(4.66, 8.25, -3.42) vel=(0.00, 0.00, 0.00) gravity=(0.00, -9.81, 0.00) force=(0.00, -9.81, 0.00) fixed=False
P[623] pos=(4.70, 5.75, -3.27) vel=(0.00, 0.00, 0.00) gravity=(0.00, -9.81, 0.00) force=(0.00, -9.81, 0.00) fixed=False
P[624] pos=(4.13, 8.25, -3.16) vel=(0.00, 0.00, 0.00) gravity=(0.00, -9.81, 0.00) force=(0.00, -9.81, 0.00) fixed=False
P[625] pos=(3.95, 8.25, -3.65) vel=(0.00, 0.00, 0.00) gravity=(0.00, -9.81, 0.00) force=(0.00, -9.81, 0.00) fixed=False
P[626] pos=(3.71, 8.25, -2.85) vel=(0.00, 0.00, 0.00) gravity=(0.00, -9.81, 0.00) force=(0.00, -9.81, 0.00) fixed=False
P[627] pos=(4.68, 8.25, -2.29) vel=(0.00, 0.00, 0.00) gravity=(0.00, -9.81, 0.00) force=(0.00, -9.81, 0.00) fixed=False
P[628] pos=(4.55, 5.75, -2.52) vel=(0.00, 0.00, 0.00) gravity=(0.00, -9.81, 0.00) force=(0.00, -9.81, 0.00) fixed=False
P[629] pos=(4.32, 8.25, -3.81) vel=(0.00, 0.00, 0.00) gravity=(0.00, -9.81, 0.00) force=(0.00, -9.81, 0.00) fixed=False
P[630] pos=(4.63, 5.75, -1.91) vel=(0.00, 0.00, 0.00) gravity=(0.00, -9.81, 0.00) force=(0.00, -9.81, 0.00) fixed=False
P[631] pos=(5.00, 5.75, -2.19) vel=(0.00, 0.00, 0.00) gravity=(0.00, -9.81, 0.00) force=(0.00, -9.81, 0.00) fixed=False
